Component: ARM Compiler 5.06 update 5 (build 528) Tool: armlink [4d35e2]

==============================================================================

Section Cross References

    startup_stm32f100xb.o(RESET) refers to startup_stm32f100xb.o(STACK) for __initial_sp
    startup_stm32f100xb.o(RESET) refers to startup_stm32f100xb.o(.text) for Reset_Handler
    startup_stm32f100xb.o(RESET) refers to stm32f1xx_it.o(i.NMI_Handler) for NMI_Handler
    startup_stm32f100xb.o(RESET) refers to stm32f1xx_it.o(i.HardFault_Handler) for HardFault_Handler
    startup_stm32f100xb.o(RESET) refers to stm32f1xx_it.o(i.MemManage_Handler) for MemManage_Handler
    startup_stm32f100xb.o(RESET) refers to stm32f1xx_it.o(i.BusFault_Handler) for BusFault_Handler
    startup_stm32f100xb.o(RESET) refers to stm32f1xx_it.o(i.UsageFault_Handler) for UsageFault_Handler
    startup_stm32f100xb.o(RESET) refers to stm32f1xx_it.o(i.SVC_Handler) for SVC_Handler
    startup_stm32f100xb.o(RESET) refers to stm32f1xx_it.o(i.DebugMon_Handler) for DebugMon_Handler
    startup_stm32f100xb.o(RESET) refers to stm32f1xx_it.o(i.PendSV_Handler) for PendSV_Handler
    startup_stm32f100xb.o(RESET) refers to stm32f1xx_it.o(i.SysTick_Handler) for SysTick_Handler
    startup_stm32f100xb.o(RESET) refers to stm32f1xx_it.o(i.TIM1_UP_TIM16_IRQHandler) for TIM1_UP_TIM16_IRQHandler
    startup_stm32f100xb.o(RESET) refers to stm32f1xx_it.o(i.USART1_IRQHandler) for USART1_IRQHandler
    startup_stm32f100xb.o(RESET) refers to stm32f1xx_it.o(i.TIM6_DAC_IRQHandler) for TIM6_DAC_IRQHandler
    startup_stm32f100xb.o(.text) refers to system_stm32f1xx.o(i.SystemInit) for SystemInit
    startup_stm32f100xb.o(.text) refers to entry.o(.ARM.Collect$$$$00000000) for __main
    system_stm32f1xx.o(i.SystemCoreClockUpdate) refers to system_stm32f1xx.o(.data) for .data
    system_stm32f1xx.o(i.SystemCoreClockUpdate) refers to system_stm32f1xx.o(.constdata) for .constdata
    stm32f1xx_hal_tim.o(i.HAL_TIM_Base_DeInit) refers to stm32f1xx_hal_msp.o(i.HAL_TIM_Base_MspDeInit) for HAL_TIM_Base_MspDeInit
    stm32f1xx_hal_tim.o(i.HAL_TIM_Base_Init) refers to stm32f1xx_hal_msp.o(i.HAL_TIM_Base_MspInit) for HAL_TIM_Base_MspInit
    stm32f1xx_hal_tim.o(i.HAL_TIM_Base_Init) refers to stm32f1xx_hal_tim.o(i.TIM_Base_SetConfig) for TIM_Base_SetConfig
    stm32f1xx_hal_tim.o(i.HAL_TIM_Base_Start_DMA) refers to stm32f1xx_hal_dma.o(i.HAL_DMA_Start_IT) for HAL_DMA_Start_IT
    stm32f1xx_hal_tim.o(i.HAL_TIM_Base_Start_DMA) refers to stm32f1xx_hal_tim.o(i.TIM_DMAPeriodElapsedCplt) for TIM_DMAPeriodElapsedCplt
    stm32f1xx_hal_tim.o(i.HAL_TIM_Base_Start_DMA) refers to stm32f1xx_hal_tim.o(i.TIM_DMAError) for TIM_DMAError
    stm32f1xx_hal_tim.o(i.HAL_TIM_ConfigClockSource) refers to stm32f1xx_hal_tim.o(i.TIM_ETR_SetConfig) for TIM_ETR_SetConfig
    stm32f1xx_hal_tim.o(i.HAL_TIM_ConfigClockSource) refers to stm32f1xx_hal_tim.o(i.TIM_TI1_ConfigInputStage) for TIM_TI1_ConfigInputStage
    stm32f1xx_hal_tim.o(i.HAL_TIM_ConfigClockSource) refers to stm32f1xx_hal_tim.o(i.TIM_TI2_ConfigInputStage) for TIM_TI2_ConfigInputStage
    stm32f1xx_hal_tim.o(i.HAL_TIM_ConfigClockSource) refers to stm32f1xx_hal_tim.o(i.TIM_ITRx_SetConfig) for TIM_ITRx_SetConfig
    stm32f1xx_hal_tim.o(i.HAL_TIM_ConfigOCrefClear) refers to stm32f1xx_hal_tim.o(i.TIM_ETR_SetConfig) for TIM_ETR_SetConfig
    stm32f1xx_hal_tim.o(i.HAL_TIM_DMABurst_ReadStart) refers to stm32f1xx_hal_dma.o(i.HAL_DMA_Start_IT) for HAL_DMA_Start_IT
    stm32f1xx_hal_tim.o(i.HAL_TIM_DMABurst_ReadStart) refers to stm32f1xx_hal_tim.o(i.TIM_DMAError) for TIM_DMAError
    stm32f1xx_hal_tim.o(i.HAL_TIM_DMABurst_ReadStart) refers to stm32f1xx_hal_tim.o(i.TIM_DMACaptureCplt) for TIM_DMACaptureCplt
    stm32f1xx_hal_tim.o(i.HAL_TIM_DMABurst_ReadStart) refers to stm32f1xx_hal_tim.o(i.TIM_DMAPeriodElapsedCplt) for TIM_DMAPeriodElapsedCplt
    stm32f1xx_hal_tim.o(i.HAL_TIM_DMABurst_ReadStart) refers to stm32f1xx_hal_tim_ex.o(i.TIMEx_DMACommutationCplt) for TIMEx_DMACommutationCplt
    stm32f1xx_hal_tim.o(i.HAL_TIM_DMABurst_ReadStart) refers to stm32f1xx_hal_tim.o(i.TIM_DMATriggerCplt) for TIM_DMATriggerCplt
    stm32f1xx_hal_tim.o(i.HAL_TIM_DMABurst_ReadStop) refers to stm32f1xx_hal_dma.o(i.HAL_DMA_Abort) for HAL_DMA_Abort
    stm32f1xx_hal_tim.o(i.HAL_TIM_DMABurst_WriteStart) refers to stm32f1xx_hal_dma.o(i.HAL_DMA_Start_IT) for HAL_DMA_Start_IT
    stm32f1xx_hal_tim.o(i.HAL_TIM_DMABurst_WriteStart) refers to stm32f1xx_hal_tim.o(i.TIM_DMAError) for TIM_DMAError
    stm32f1xx_hal_tim.o(i.HAL_TIM_DMABurst_WriteStart) refers to stm32f1xx_hal_tim.o(i.TIM_DMADelayPulseCplt) for TIM_DMADelayPulseCplt
    stm32f1xx_hal_tim.o(i.HAL_TIM_DMABurst_WriteStart) refers to stm32f1xx_hal_tim.o(i.TIM_DMAPeriodElapsedCplt) for TIM_DMAPeriodElapsedCplt
    stm32f1xx_hal_tim.o(i.HAL_TIM_DMABurst_WriteStart) refers to stm32f1xx_hal_tim_ex.o(i.TIMEx_DMACommutationCplt) for TIMEx_DMACommutationCplt
[...]
    Removing stm32f1xx_hal.o(i.HAL_GetDEVID), (16 bytes).
    Removing stm32f1xx_hal.o(i.HAL_GetHalVersion), (8 bytes).
    Removing stm32f1xx_hal.o(i.HAL_GetREVID), (12 bytes).
    Removing stm32f1xx_hal.o(i.HAL_GetUID), (28 bytes).
    Removing stm32f1xx_hal.o(i.HAL_MspDeInit), (2 bytes).
    Removing stm32f1xx_hal.o(i.HAL_MspInit), (2 bytes).
    Removing stm32f1xx_hal.o(i.HAL_ResumeTick), (14 bytes).
    Removing stm32f1xx_hal.o(i.HAL_SuspendTick), (14 bytes).
    Removing stm32f1xx_hal_pwr.o(.rev16_text), (4 bytes).
    Removing stm32f1xx_hal_pwr.o(.revsh_text), (4 bytes).
    Removing stm32f1xx_hal_pwr.o(.rrx_text), (6 bytes).
    Removing stm32f1xx_hal_pwr.o(i.HAL_PWR_ConfigPVD), (124 bytes).
    Removing stm32f1xx_hal_pwr.o(i.HAL_PWR_DeInit), (24 bytes).
    Removing stm32f1xx_hal_pwr.o(i.HAL_PWR_DisableBkUpAccess), (12 bytes).
    Removing stm32f1xx_hal_pwr.o(i.HAL_PWR_DisablePVD), (12 bytes).
    Removing stm32f1xx_hal_pwr.o(i.HAL_PWR_DisableSEVOnPend), (16 bytes).
    Removing stm32f1xx_hal_pwr.o(i.HAL_PWR_DisableSleepOnExit), (16 bytes).
    Removing stm32f1xx_hal_pwr.o(i.HAL_PWR_DisableWakeUpPin), (28 bytes).
    Removing stm32f1xx_hal_pwr.o(i.HAL_PWR_EnableBkUpAccess), (12 bytes).
    Removing stm32f1xx_hal_pwr.o(i.HAL_PWR_EnablePVD), (12 bytes).
    Removing stm32f1xx_hal_pwr.o(i.HAL_PWR_EnableSEVOnPend), (16 bytes).
    Removing stm32f1xx_hal_pwr.o(i.HAL_PWR_EnableSleepOnExit), (16 bytes).
    Removing stm32f1xx_hal_pwr.o(i.HAL_PWR_EnableWakeUpPin), (28 bytes).
    Removing stm32f1xx_hal_pwr.o(i.HAL_PWR_EnterSLEEPMode), (32 bytes).
    Removing stm32f1xx_hal_pwr.o(i.HAL_PWR_EnterSTANDBYMode), (32 bytes).
    Removing stm32f1xx_hal_pwr.o(i.HAL_PWR_EnterSTOPMode), (68 bytes).
    Removing stm32f1xx_hal_pwr.o(i.HAL_PWR_PVDCallback), (2 bytes).
    Removing stm32f1xx_hal_pwr.o(i.HAL_PWR_PVD_IRQHandler), (28 bytes).
    Removing stm32f1xx_hal_pwr.o(i.PWR_OverloadWfe), (6 bytes).
    Removing stm32f1xx_hal_uart.o(.rev16_text), (4 bytes).
    Removing stm32f1xx_hal_uart.o(.revsh_text), (4 bytes).
    Removing stm32f1xx_hal_uart.o(.rrx_text), (6 bytes).
    Removing stm32f1xx_hal_uart.o(i.HAL_HalfDuplex_EnableReceiver), (50 bytes).
    Removing stm32f1xx_hal_uart.o(i.HAL_HalfDuplex_EnableTransmitter), (50 bytes).
    Removing stm32f1xx_hal_uart.o(i.HAL_HalfDuplex_Init), (108 bytes).
    Removing stm32f1xx_hal_uart.o(i.HAL_LIN_Init), (122 bytes).
    Removing stm32f1xx_hal_uart.o(i.HAL_LIN_SendBreak), (46 bytes).
    Removing stm32f1xx_hal_uart.o(i.HAL_MultiProcessor_EnterMuteMode), (46 bytes).
    Removing stm32f1xx_hal_uart.o(i.HAL_MultiProcessor_ExitMuteMode), (46 bytes).
    Removing stm32f1xx_hal_uart.o(i.HAL_MultiProcessor_Init), (130 bytes).
    Removing stm32f1xx_hal_uart.o(i.HAL_UART_Abort), (104 bytes).
    Removing stm32f1xx_hal_uart.o(i.HAL_UART_AbortCpltCallback), (2 bytes).
    Removing stm32f1xx_hal_uart.o(i.HAL_UART_AbortReceive), (68 bytes).
    Removing stm32f1xx_hal_uart.o(i.HAL_UART_AbortReceiveCpltCallback), (2 bytes).
    Removing stm32f1xx_hal_uart.o(i.HAL_UART_AbortReceive_IT), (92 bytes).
    Removing stm32f1xx_hal_uart.o(i.HAL_UART_AbortTransmit), (58 bytes).
    Removing stm32f1xx_hal_uart.o(i.HAL_UART_AbortTransmitCpltCallback), (2 bytes).
    Removing stm32f1xx_hal_uart.o(i.HAL_UART_AbortTransmit_IT), (84 bytes).
    Removing stm32f1xx_hal_uart.o(i.HAL_UART_Abort_IT), (172 bytes).
    Removing stm32f1xx_hal_uart.o(i.HAL_UART_DMAPause), (102 bytes).
    Removing stm32f1xx_hal_uart.o(i.HAL_UART_DMAResume), (94 bytes).
    Removing stm32f1xx_hal_uart.o(i.HAL_UART_DMAStop), (88 bytes).
    Removing stm32f1xx_hal_uart.o(i.HAL_UART_DeInit), (40 bytes).
    Removing stm32f1xx_hal_uart.o(i.HAL_UART_GetError), (4 bytes).
    Removing stm32f1xx_hal_uart.o(i.HAL_UART_GetState), (10 bytes).
    Removing stm32f1xx_hal_uart.o(i.HAL_UART_MspDeInit), (2 bytes).
    Removing stm32f1xx_hal_uart.o(i.HAL_UART_MspInit), (2 bytes).
    Removing stm32f1xx_hal_uart.o(i.HAL_UART_Receive), (184 bytes).
    Removing stm32f1xx_hal_uart.o(i.HAL_UART_Receive_DMA), (152 bytes).
    Removing stm32f1xx_hal_uart.o(i.HAL_UART_Receive_IT), (82 bytes).
    Removing stm32f1xx_hal_uart.o(i.HAL_UART_RxHalfCpltCallback), (2 bytes).
    Removing stm32f1xx_hal_uart.o(i.HAL_UART_Transmit), (186 bytes).
    Removing stm32f1xx_hal_uart.o(i.HAL_UART_Transmit_DMA), (128 bytes).
    Removing stm32f1xx_hal_uart.o(i.HAL_UART_Transmit_IT), (62 bytes).
    Removing stm32f1xx_hal_uart.o(i.HAL_UART_TxHalfCpltCallback), (2 bytes).
    Removing stm32f1xx_hal_uart.o(i.UART_DMAError), (74 bytes).
    Removing stm32f1xx_hal_uart.o(i.UART_DMAReceiveCplt), (60 bytes).
    Removing stm32f1xx_hal_uart.o(i.UART_DMARxAbortCallback), (42 bytes).
    Removing stm32f1xx_hal_uart.o(i.UART_DMARxHalfCplt), (10 bytes).
    Removing stm32f1xx_hal_uart.o(i.UART_DMARxOnlyAbortCallback), (20 bytes).
    Removing stm32f1xx_hal_uart.o(i.UART_DMATransmitCplt), (46 bytes).
    Removing stm32f1xx_hal_uart.o(i.UART_DMATxAbortCallback), (42 bytes).
    Removing stm32f1xx_hal_uart.o(i.UART_DMATxHalfCplt), (10 bytes).
    Removing stm32f1xx_hal_uart.o(i.UART_DMATxOnlyAbortCallback), (20 bytes).
    Removing stm32f1xx_hal_uart.o(i.UART_EndTxTransfer), (18 bytes).
    Removing stm32f1xx_hal_uart.o(i.UART_WaitOnFlagUntilTimeout), (100 bytes).
    Removing stm32f1xx_hal_rcc_ex.o(.rev16_text), (4 bytes).
    Removing stm32f1xx_hal_rcc_ex.o(.revsh_text), (4 bytes).
    Removing stm32f1xx_hal_rcc_ex.o(.rrx_text), (6 bytes).
    Removing stm32f1xx_hal_rcc_ex.o(i.HAL_RCCEx_GetPeriphCLKConfig), (32 bytes).
    Removing stm32f1xx_hal_rcc_ex.o(i.HAL_RCCEx_GetPeriphCLKFreq), (92 bytes).
    Removing stm32f1xx_hal_rcc_ex.o(i.HAL_RCCEx_PeriphCLKConfig), (220 bytes).
    Removing stm32f1xx_hal_gpio_ex.o(.rev16_text), (4 bytes).
    Removing stm32f1xx_hal_gpio_ex.o(.revsh_text), (4 bytes).
    Removing stm32f1xx_hal_gpio_ex.o(.rrx_text), (6 bytes).
    Removing stm32f1xx_hal_gpio_ex.o(i.HAL_GPIOEx_ConfigEventout), (20 bytes).
    Removing stm32f1xx_hal_gpio_ex.o(i.HAL_GPIOEx_DisableEventout), (16 bytes).
    Removing stm32f1xx_hal_gpio_ex.o(i.HAL_GPIOEx_EnableEventout), (16 bytes).
    Removing stm32f1xx_hal_tim_ex.o(.rev16_text), (4 bytes).
    Removing stm32f1xx_hal_tim_ex.o(.revsh_text), (4 bytes).
    Removing stm32f1xx_hal_tim_ex.o(.rrx_text), (6 bytes).
    Removing stm32f1xx_hal_tim_ex.o(i.HAL_TIMEx_ConfigCommutationEvent), (92 bytes).
    Removing stm32f1xx_hal_tim_ex.o(i.HAL_TIMEx_ConfigCommutationEvent_DMA), (124 bytes).
    Removing stm32f1xx_hal_tim_ex.o(i.HAL_TIMEx_ConfigCommutationEvent_IT), (102 bytes).
    Removing stm32f1xx_hal_tim_ex.o(i.HAL_TIMEx_HallSensor_DeInit), (56 bytes).
    Removing stm32f1xx_hal_tim_ex.o(i.HAL_TIMEx_HallSensor_GetState), (6 bytes).
    Removing stm32f1xx_hal_tim_ex.o(i.HAL_TIMEx_HallSensor_Init), (188 bytes).
    Removing stm32f1xx_hal_tim_ex.o(i.HAL_TIMEx_HallSensor_MspDeInit), (2 bytes).
    Removing stm32f1xx_hal_tim_ex.o(i.HAL_TIMEx_HallSensor_MspInit), (2 bytes).
    Removing stm32f1xx_hal_tim_ex.o(i.HAL_TIMEx_HallSensor_Start), (28 bytes).
    Removing stm32f1xx_hal_tim_ex.o(i.HAL_TIMEx_HallSensor_Start_DMA), (104 bytes).
    Removing stm32f1xx_hal_tim_ex.o(i.HAL_TIMEx_HallSensor_Start_IT), (38 bytes).
    Removing stm32f1xx_hal_tim_ex.o(i.HAL_TIMEx_HallSensor_Stop), (46 bytes).
    Removing stm32f1xx_hal_tim_ex.o(i.HAL_TIMEx_HallSensor_Stop_DMA), (56 bytes).
    Removing stm32f1xx_hal_tim_ex.o(i.HAL_TIMEx_HallSensor_Stop_IT), (56 bytes).
    Removing stm32f1xx_hal_tim_ex.o(i.HAL_TIMEx_OCN_Start), (36 bytes).
    Removing stm32f1xx_hal_tim_ex.o(i.HAL_TIMEx_OCN_Start_DMA), (220 bytes).
    Removing stm32f1xx_hal_tim_ex.o(i.HAL_TIMEx_OCN_Start_IT), (96 bytes).
    Removing stm32f1xx_hal_tim_ex.o(i.HAL_TIMEx_OCN_Stop), (68 bytes).
    Removing stm32f1xx_hal_tim_ex.o(i.HAL_TIMEx_OCN_Stop_DMA), (124 bytes).
    Removing stm32f1xx_hal_tim_ex.o(i.HAL_TIMEx_OCN_Stop_IT), (134 bytes).
    Removing stm32f1xx_hal_tim_ex.o(i.HAL_TIMEx_OnePulseN_Start), (26 bytes).
    Removing stm32f1xx_hal_tim_ex.o(i.HAL_TIMEx_OnePulseN_Start_IT), (46 bytes).
    Removing stm32f1xx_hal_tim_ex.o(i.HAL_TIMEx_OnePulseN_Stop), (68 bytes).
    Removing stm32f1xx_hal_tim_ex.o(i.HAL_TIMEx_OnePulseN_Stop_IT), (88 bytes).
    Removing stm32f1xx_hal_tim_ex.o(i.HAL_TIMEx_PWMN_Start), (36 bytes).
    Removing stm32f1xx_hal_tim_ex.o(i.HAL_TIMEx_PWMN_Start_DMA), (220 bytes).
    Removing stm32f1xx_hal_tim_ex.o(i.HAL_TIMEx_PWMN_Start_IT), (96 bytes).
    Removing stm32f1xx_hal_tim_ex.o(i.HAL_TIMEx_PWMN_Stop), (68 bytes).
    Removing stm32f1xx_hal_tim_ex.o(i.HAL_TIMEx_PWMN_Stop_DMA), (124 bytes).
    Removing stm32f1xx_hal_tim_ex.o(i.HAL_TIMEx_PWMN_Stop_IT), (134 bytes).
    Removing stm32f1xx_hal_tim_ex.o(i.TIMEx_DMACommutationCplt), (16 bytes).
    Removing stm32f1xx_hal_tim_ex.o(i.TIM_CCxNChannelCmd), (22 bytes).
    Removing stm32f1xx_hal_flash_ex.o(.rev16_text), (4 bytes).
    Removing stm32f1xx_hal_flash_ex.o(.revsh_text), (4 bytes).
    Removing stm32f1xx_hal_flash_ex.o(.rrx_text), (6 bytes).
    Removing stm32f1xx_hal_flash_ex.o(i.FLASH_MassErase), (36 bytes).
    Removing stm32f1xx_hal_flash_ex.o(i.FLASH_OB_DisableWRP), (176 bytes).
    Removing stm32f1xx_hal_flash_ex.o(i.FLASH_OB_EnableWRP), (176 bytes).
    Removing stm32f1xx_hal_flash_ex.o(i.FLASH_OB_GetRDP), (24 bytes).
    Removing stm32f1xx_hal_flash_ex.o(i.FLASH_OB_RDP_LevelConfig), (100 bytes).
    Removing stm32f1xx_hal_flash_ex.o(i.FLASH_PageErase), (36 bytes).
    Removing stm32f1xx_hal_flash_ex.o(i.HAL_FLASHEx_Erase), (168 bytes).
    Removing stm32f1xx_hal_flash_ex.o(i.HAL_FLASHEx_Erase_IT), (84 bytes).
    Removing stm32f1xx_hal_flash_ex.o(i.HAL_FLASHEx_OBErase), (84 bytes).
    Removing stm32f1xx_hal_flash_ex.o(i.HAL_FLASHEx_OBGetConfig), (36 bytes).
    Removing stm32f1xx_hal_flash_ex.o(i.HAL_FLASHEx_OBGetUserData), (32 bytes).
    Removing stm32f1xx_hal_flash_ex.o(i.HAL_FLASHEx_OBProgram), (200 bytes).
    Removing stm32f1xx_hal_dma.o(.rev16_text), (4 bytes).
    Removing stm32f1xx_hal_dma.o(.revsh_text), (4 bytes).
    Removing stm32f1xx_hal_dma.o(.rrx_text), (6 bytes).
    Removing stm32f1xx_hal_dma.o(i.DMA_SetConfig), (42 bytes).
    Removing stm32f1xx_hal_dma.o(i.HAL_DMA_Abort), (48 bytes).
    Removing stm32f1xx_hal_dma.o(i.HAL_DMA_DeInit), (84 bytes).
    Removing stm32f1xx_hal_dma.o(i.HAL_DMA_GetError), (4 bytes).
    Removing stm32f1xx_hal_dma.o(i.HAL_DMA_GetState), (6 bytes).
    Removing stm32f1xx_hal_dma.o(i.HAL_DMA_IRQHandler), (340 bytes).
    Removing stm32f1xx_hal_dma.o(i.HAL_DMA_Init), (100 bytes).
    Removing stm32f1xx_hal_dma.o(i.HAL_DMA_PollForTransfer), (532 bytes).
    Removing stm32f1xx_hal_dma.o(i.HAL_DMA_RegisterCallback), (74 bytes).
    Removing stm32f1xx_hal_dma.o(i.HAL_DMA_Start), (80 bytes).
    Removing stm32f1xx_hal_dma.o(i.HAL_DMA_Start_IT), (112 bytes).
    Removing stm32f1xx_hal_dma.o(i.HAL_DMA_UnRegisterCallback), (82 bytes).
    Removing main.o(.rev16_text), (4 bytes).
    Removing main.o(.revsh_text), (4 bytes).
    Removing main.o(.rrx_text), (6 bytes).
    Removing main.o(i._Error_Handler), (2 bytes).
    Removing stm32f1xx_hal_msp.o(.rev16_text), (4 bytes).
    Removing stm32f1xx_hal_msp.o(.revsh_text), (4 bytes).
    Removing stm32f1xx_hal_msp.o(.rrx_text), (6 bytes).
    Removing stm32f1xx_hal_msp.o(i.HAL_TIM_Base_MspDeInit), (36 bytes).
    Removing stm32f1xx_hal_msp.o(i.HAL_TIM_PWM_MspDeInit), (36 bytes).
    Removing stm32f1xx_hal_msp.o(i.HAL_UART_MspDeInit), (52 bytes).
    Removing stm32f1xx_it.o(.rev16_text), (4 bytes).
    Removing stm32f1xx_it.o(.revsh_text), (4 bytes).
    Removing stm32f1xx_it.o(.rrx_text), (6 bytes).
    Removing mb.o(.rev16_text), (4 bytes).
    Removing mb.o(.revsh_text), (4 bytes).
    Removing mb.o(.rrx_text), (6 bytes).
    Removing mb.o(i.eMBClose), (32 bytes).
    Removing mb.o(i.eMBDisable), (32 bytes).
    Removing mb.o(i.eMBRegisterCB), (100 bytes).
    Removing mb.o(.data), (4 bytes).
    Removing mb.o(.data), (4 bytes).
    Removing mbtcp.o(.rev16_text), (4 bytes).
    Removing mbtcp.o(.revsh_text), (4 bytes).
    Removing mbtcp.o(.rrx_text), (6 bytes).
    Removing mbcrc.o(.rev16_text), (4 bytes).
    Removing mbcrc.o(.revsh_text), (4 bytes).
    Removing mbcrc.o(.rrx_text), (6 bytes).
    Removing mbrtu.o(.rev16_text), (4 bytes).
    Removing mbrtu.o(.revsh_text), (4 bytes).
    Removing mbrtu.o(.rrx_text), (6 bytes).
    Removing portevent.o(.rev16_text), (4 bytes).
    Removing portevent.o(.revsh_text), (4 bytes).
    Removing portevent.o(.rrx_text), (6 bytes).
    Removing portserial.o(.rev16_text), (4 bytes).
    Removing portserial.o(.revsh_text), (4 bytes).
    Removing portserial.o(.rrx_text), (6 bytes).
    Removing porttimer.o(.rev16_text), (4 bytes).
    Removing porttimer.o(.revsh_text), (4 bytes).
    Removing porttimer.o(.rrx_text), (6 bytes).
    Removing registers.o(.rev16_text), (4 bytes).
    Removing registers.o(.revsh_text), (4 bytes).
    Removing registers.o(.rrx_text), (6 bytes).
    Removing mbascii.o(.rev16_text), (4 bytes).
    Removing mbascii.o(.revsh_text), (4 bytes).
    Removing mbascii.o(.rrx_text), (6 bytes).
    Removing mbfunccoils.o(.rev16_text), (4 bytes).
    Removing mbfunccoils.o(.revsh_text), (4 bytes).
    Removing mbfunccoils.o(.rrx_text), (6 bytes).
    Removing mbfuncdisc.o(.rev16_text), (4 bytes).
    Removing mbfuncdisc.o(.revsh_text), (4 bytes).
    Removing mbfuncdisc.o(.rrx_text), (6 bytes).
    Removing mbfuncholding.o(.rev16_text), (4 bytes).
    Removing mbfuncholding.o(.revsh_text), (4 bytes).
    Removing mbfuncholding.o(.rrx_text), (6 bytes).
    Removing mbfuncinput.o(.rev16_text), (4 bytes).
    Removing mbfuncinput.o(.revsh_text), (4 bytes).
    Removing mbfuncinput.o(.rrx_text), (6 bytes).
    Removing mbfuncother.o(.rev16_text), (4 bytes).
    Removing mbfuncother.o(.revsh_text), (4 bytes).
    Removing mbfuncother.o(.rrx_text), (6 bytes).
    Removing mbfuncother.o(i.eMBSetSlaveID), (72 bytes).
    Removing mbutils.o(.rev16_text), (4 bytes).
    Removing mbutils.o(.revsh_text), (4 bytes).
    Removing mbutils.o(.rrx_text), (6 bytes).
    Removing mbutils.o(i.xMBUtilGetBits), (34 bytes).
    Removing mbutils.o(i.xMBUtilSetBits), (42 bytes).

372 unused section(s) (total 19282 bytes) removed from the image.

==============================================================================

Image Symbol Table

    Local Symbols

    Symbol Name                              Value     Ov Type        Size  Object(Section)

    ../Drivers/STM32F1xx_HAL_Driver/Src/stm32f1xx_hal.c 0x00000000   Number         0  stm32f1xx_hal.o ABSOLUTE
    ../Drivers/STM32F1xx_HAL_Driver/Src/stm32f1xx_hal_cortex.c 0x00000000   Number         0  stm32f1xx_hal_cortex.o ABSOLUTE
    ../Drivers/STM32F1xx_HAL_Driver/Src/stm32f1xx_hal_dma.c 0x00000000   Number         0  stm32f1xx_hal_dma.o ABSOLUTE
    ../Drivers/STM32F1xx_HAL_Driver/Src/stm32f1xx_hal_flash.c 0x00000000   Number         0  stm32f1xx_hal_flash.o ABSOLUTE
    ../Drivers/STM32F1xx_HAL_Driver/Src/stm32f1xx_hal_flash_ex.c 0x00000000   Number         0  stm32f1xx_hal_flash_ex.o ABSOLUTE
    ../Drivers/STM32F1xx_HAL_Driver/Src/stm32f1xx_hal_gpio.c 0x00000000   Number         0  stm32f1xx_hal_gpio.o ABSOLUTE
    ../Drivers/STM32F1xx_HAL_Driver/Src/stm32f1xx_hal_gpio_ex.c 0x00000000   Number         0  stm32f1xx_hal_gpio_ex.o ABSOLUTE
    ../Drivers/STM32F1xx_HAL_Driver/Src/stm32f1xx_hal_pwr.c 0x00000000   Number         0  stm32f1xx_hal_pwr.o ABSOLUTE
    ../Drivers/STM32F1xx_HAL_Driver/Src/stm32f1xx_hal_rcc.c 0x00000000   Number         0  stm32f1xx_hal_rcc.o ABSOLUTE
    ../Drivers/STM32F1xx_HAL_Driver/Src/stm32f1xx_hal_rcc_ex.c 0x00000000   Number         0  stm32f1xx_hal_rcc_ex.o ABSOLUTE
    ../Drivers/STM32F1xx_HAL_Driver/Src/stm32f1xx_hal_tim.c 0x00000000   Number         0  stm32f1xx_hal_tim.o ABSOLUTE
    ../Drivers/STM32F1xx_HAL_Driver/Src/stm32f1xx_hal_tim_ex.c 0x00000000   Number         0  stm32f1xx_hal_tim_ex.o ABSOLUTE
    ../Drivers/STM32F1xx_HAL_Driver/Src/stm32f1xx_hal_uart.c 0x00000000   Number         0  stm32f1xx_hal_uart.o ABSOLUTE
    ../Src/main.c                            0x00000000   Number         0  main.o ABSOLUTE
    ../Src/stm32f1xx_hal_msp.c               0x00000000   Number         0  stm32f1xx_hal_msp.o ABSOLUTE
    ../Src/stm32f1xx_it.c                    0x00000000   Number         0  stm32f1xx_it.o ABSOLUTE
    ../Src/system_stm32f1xx.c                0x00000000   Number         0  system_stm32f1xx.o ABSOLUTE
    ../clib/microlib/init/entry.s            0x00000000   Number         0  entry9a.o ABSOLUTE
    ../clib/microlib/init/entry.s            0x00000000   Number         0  entry8b.o ABSOLUTE
    ../clib/microlib/init/entry.s            0x00000000   Number         0  entry7b.o ABSOLUTE
    ../clib/microlib/init/entry.s            0x00000000   Number         0  entry5.o ABSOLUTE
    ../clib/microlib/init/entry.s            0x00000000   Number         0  entry2.o ABSOLUTE
    ../clib/microlib/init/entry.s            0x00000000   Number         0  entry8a.o ABSOLUTE
    ../clib/microlib/init/entry.s            0x00000000   Number         0  entry.o ABSOLUTE
    ../clib/microlib/init/entry.s            0x00000000   Number         0  entry7a.o ABSOLUTE
    ../clib/microlib/init/entry.s            0x00000000   Number         0  entry10a.o ABSOLUTE
    ../clib/microlib/init/entry.s            0x00000000   Number         0  entry11b.o ABSOLUTE
    ../clib/microlib/init/entry.s            0x00000000   Number         0  entry11a.o ABSOLUTE
    ../clib/microlib/init/entry.s            0x00000000   Number         0  entry10b.o ABSOLUTE
    ../clib/microlib/init/entry.s            0x00000000   Number         0  entry9b.o ABSOLUTE
    ../clib/microlib/longlong.c              0x00000000   Number         0  llshl.o ABSOLUTE
    ../clib/microlib/longlong.c              0x00000000   Number         0  llushr.o ABSOLUTE
    ../clib/microlib/string/memcpy.c         0x00000000   Number         0  memcpyb.o ABSOLUTE
    ../clib/microlib/string/memcpy.c         0x00000000   Number         0  memcpya.o ABSOLUTE
    ../clib/microlib/stubs.s                 0x00000000   Number         0  iusefp.o ABSOLUTE
    ../fplib/microlib/d2f.c                  0x00000000   Number         0  d2f.o ABSOLUTE
    ../fplib/microlib/f2d.c                  0x00000000   Number         0  f2d.o ABSOLUTE
    ../fplib/microlib/fpadd.c                0x00000000   Number         0  fadd.o ABSOLUTE
    ../fplib/microlib/fpdiv.c                0x00000000   Number         0  fdiv.o ABSOLUTE
    ../fplib/microlib/fpepilogue.c           0x00000000   Number         0  depilogue.o ABSOLUTE
    ../fplib/microlib/fpepilogue.c           0x00000000   Number         0  fepilogue.o ABSOLUTE
    ../fplib/microlib/fpfix.c                0x00000000   Number         0  ffixui.o ABSOLUTE
    ../fplib/microlib/fpflt.c                0x00000000   Number         0  ffltui.o ABSOLUTE
    ../fplib/microlib/fpmul.c                0x00000000   Number         0  fmul.o ABSOLUTE
    ../fplib/microlib/fpmul.c                0x00000000   Number         0  dmul.o ABSOLUTE
    ..\Drivers\STM32F1xx_HAL_Driver\Src\stm32f1xx_hal.c 0x00000000   Number         0  stm32f1xx_hal.o ABSOLUTE
    ..\Drivers\STM32F1xx_HAL_Driver\Src\stm32f1xx_hal_cortex.c 0x00000000   Number         0  stm32f1xx_hal_cortex.o ABSOLUTE
    ..\Drivers\STM32F1xx_HAL_Driver\Src\stm32f1xx_hal_dma.c 0x00000000   Number         0  stm32f1xx_hal_dma.o ABSOLUTE
    ..\Drivers\STM32F1xx_HAL_Driver\Src\stm32f1xx_hal_flash.c 0x00000000   Number         0  stm32f1xx_hal_flash.o ABSOLUTE
    ..\Drivers\STM32F1xx_HAL_Driver\Src\stm32f1xx_hal_flash_ex.c 0x00000000   Number         0  stm32f1xx_hal_flash_ex.o ABSOLUTE
    ..\Drivers\STM32F1xx_HAL_Driver\Src\stm32f1xx_hal_gpio.c 0x00000000   Number         0  stm32f1xx_hal_gpio.o ABSOLUTE
    ..\Drivers\STM32F1xx_HAL_Driver\Src\stm32f1xx_hal_gpio_ex.c 0x00000000   Number         0  stm32f1xx_hal_gpio_ex.o ABSOLUTE
    ..\Drivers\STM32F1xx_HAL_Driver\Src\stm32f1xx_hal_pwr.c 0x00000000   Number         0  stm32f1xx_hal_pwr.o ABSOLUTE
    ..\Drivers\STM32F1xx_HAL_Driver\Src\stm32f1xx_hal_rcc.c 0x00000000   Number         0  stm32f1xx_hal_rcc.o ABSOLUTE
    ..\Drivers\STM32F1xx_HAL_Driver\Src\stm32f1xx_hal_rcc_ex.c 0x00000000   Number         0  stm32f1xx_hal_rcc_ex.o ABSOLUTE
    ..\Drivers\STM32F1xx_HAL_Driver\Src\stm32f1xx_hal_tim.c 0x00000000   Number         0  stm32f1xx_hal_tim.o ABSOLUTE
    ..\Drivers\STM32F1xx_HAL_Driver\Src\stm32f1xx_hal_tim_ex.c 0x00000000   Number         0  stm32f1xx_hal_tim_ex.o ABSOLUTE
    ..\Drivers\STM32F1xx_HAL_Driver\Src\stm32f1xx_hal_uart.c 0x00000000   Number         0  stm32f1xx_hal_uart.o ABSOLUTE
    ..\FreeModbus\ascii\mbascii.c            0x00000000   Number         0  mbascii.o ABSOLUTE
    ..\FreeModbus\functions\mbfunccoils.c    0x00000000   Number         0  mbfunccoils.o ABSOLUTE
    ..\FreeModbus\functions\mbfuncdiag.c     0x00000000   Number         0  mbfuncdiag.o ABSOLUTE
    ..\FreeModbus\functions\mbfuncdisc.c     0x00000000   Number         0  mbfuncdisc.o ABSOLUTE
    ..\FreeModbus\functions\mbfuncholding.c  0x00000000   Number         0  mbfuncholding.o ABSOLUTE
    ..\FreeModbus\functions\mbfuncinput.c    0x00000000   Number         0  mbfuncinput.o ABSOLUTE
    ..\FreeModbus\functions\mbfuncother.c    0x00000000   Number         0  mbfuncother.o ABSOLUTE
    ..\FreeModbus\functions\mbutils.c        0x00000000   Number         0  mbutils.o ABSOLUTE
    ..\FreeModbus\mb.c                       0x00000000   Number         0  mb.o ABSOLUTE
    ..\FreeModbus\port\portevent.c           0x00000000   Number         0  portevent.o ABSOLUTE
    ..\FreeModbus\port\portserial.c          0x00000000   Number         0  portserial.o ABSOLUTE
    ..\FreeModbus\port\porttimer.c           0x00000000   Number         0  porttimer.o ABSOLUTE
    ..\FreeModbus\port\registers.c           0x00000000   Number         0  registers.o ABSOLUTE
    ..\FreeModbus\rtu\mbcrc.c                0x00000000   Number         0  mbcrc.o ABSOLUTE
    ..\FreeModbus\rtu\mbrtu.c                0x00000000   Number         0  mbrtu.o ABSOLUTE
    ..\FreeModbus\tcp\mbtcp.c                0x00000000   Number         0  mbtcp.o ABSOLUTE
    ..\Src\main.c                            0x00000000   Number         0  main.o ABSOLUTE
    ..\Src\stm32f1xx_hal_msp.c               0x00000000   Number         0  stm32f1xx_hal_msp.o ABSOLUTE
    ..\Src\stm32f1xx_it.c                    0x00000000   Number         0  stm32f1xx_it.o ABSOLUTE
    ..\Src\system_stm32f1xx.c                0x00000000   Number         0  system_stm32f1xx.o ABSOLUTE
    ..\\FreeModbus\\ascii\\mbascii.c         0x00000000   Number         0  mbascii.o ABSOLUTE
    ..\\FreeModbus\\functions\\mbfunccoils.c 0x00000000   Number         0  mbfunccoils.o ABSOLUTE
    ..\\FreeModbus\\functions\\mbfuncdisc.c  0x00000000   Number         0  mbfuncdisc.o ABSOLUTE
    ..\\FreeModbus\\functions\\mbfuncholding.c 0x00000000   Number         0  mbfuncholding.o ABSOLUTE
    ..\\FreeModbus\\functions\\mbfuncinput.c 0x00000000   Number         0  mbfuncinput.o ABSOLUTE
    ..\\FreeModbus\\functions\\mbfuncother.c 0x00000000   Number         0  mbfuncother.o ABSOLUTE
    ..\\FreeModbus\\functions\\mbutils.c     0x00000000   Number         0  mbutils.o ABSOLUTE
    ..\\FreeModbus\\mb.c                     0x00000000   Number         0  mb.o ABSOLUTE
    ..\\FreeModbus\\port\\portevent.c        0x00000000   Number         0  portevent.o ABSOLUTE
    ..\\FreeModbus\\port\\portserial.c       0x00000000   Number         0  portserial.o ABSOLUTE
    ..\\FreeModbus\\port\\porttimer.c        0x00000000   Number         0  porttimer.o ABSOLUTE
    ..\\FreeModbus\\port\\registers.c        0x00000000   Number         0  registers.o ABSOLUTE
    ..\\FreeModbus\\rtu\\mbcrc.c             0x00000000   Number         0  mbcrc.o ABSOLUTE
    ..\\FreeModbus\\rtu\\mbrtu.c             0x00000000   Number         0  mbrtu.o ABSOLUTE
    ..\\FreeModbus\\tcp\\mbtcp.c             0x00000000   Number         0  mbtcp.o ABSOLUTE
    dc.s                                     0x00000000   Number         0  dc.o ABSOLUTE
    handlers.s                               0x00000000   Number         0  handlers.o ABSOLUTE
    init.s                                   0x00000000   Number         0  init.o ABSOLUTE
    startup_stm32f100xb.s                    0x00000000   Number         0  startup_stm32f100xb.o ABSOLUTE
    RESET                                    0x08000000   Section      288  startup_stm32f100xb.o(RESET)
    .ARM.Collect$$$$00000000                 0x08000120   Section        0  entry.o(.ARM.Collect$$$$00000000)
    .ARM.Collect$$$$00000001                 0x08000120   Section        4  entry2.o(.ARM.Collect$$$$00000001)
    .ARM.Collect$$$$00000004                 0x08000124   Section        4  entry5.o(.ARM.Collect$$$$00000004)
    .ARM.Collect$$$$00000008                 0x08000128   Section        0  entry7b.o(.ARM.Collect$$$$00000008)
    .ARM.Collect$$$$0000000A                 0x08000128   Section        0  entry8b.o(.ARM.Collect$$$$0000000A)
    .ARM.Collect$$$$0000000B                 0x08000128   Section        8  entry9a.o(.ARM.Collect$$$$0000000B)
    .ARM.Collect$$$$0000000D                 0x08000130   Section        0  entry10a.o(.ARM.Collect$$$$0000000D)
    .ARM.Collect$$$$0000000F                 0x08000130   Section        0  entry11a.o(.ARM.Collect$$$$0000000F)
    .ARM.Collect$$$$00002712                 0x08000130   Section        4  entry2.o(.ARM.Collect$$$$00002712)
    __lit__00000000                          0x08000130   Data           4  entry2.o(.ARM.Collect$$$$00002712)
    .text                                    0x08000134   Section       36  startup_stm32f100xb.o(.text)
    .text                                    0x08000158   Section        0  llushr.o(.text)
    .text                                    0x08000178   Section        0  memcpya.o(.text)
    .text                                    0x0800019c   Section        0  fadd.o(.text)
    .text                                    0x0800024c   Section        0  fmul.o(.text)
    .text                                    0x080002b0   Section        0  fdiv.o(.text)
    .text                                    0x0800032c   Section        0  dmul.o(.text)
    .text                                    0x08000410   Section        0  ffltui.o(.text)
    .text                                    0x0800041a   Section        0  ffixui.o(.text)
    .text                                    0x08000442   Section        0  f2d.o(.text)
    .text                                    0x08000468   Section        0  d2f.o(.text)
    .text                                    0x080004a0   Section        0  fepilogue.o(.text)
    .text                                    0x080004a0   Section        0  iusefp.o(.text)
    .text                                    0x0800050e   Section        0  depilogue.o(.text)
    .text                                    0x080005c8   Section       36  init.o(.text)
    .text                                    0x080005ec   Section        0  llshl.o(.text)
    i.BusFault_Handler                       0x0800060a   Section        0  stm32f1xx_it.o(i.BusFault_Handler)
    i.DebugMon_Handler                       0x0800060c   Section        0  stm32f1xx_it.o(i.DebugMon_Handler)
    i.HAL_DMA_Abort_IT                       0x08000610   Section        0  stm32f1xx_hal_dma.o(i.HAL_DMA_Abort_IT)
    i.HAL_GPIO_Init                          0x080006a8   Section        0  stm32f1xx_hal_gpio.o(i.HAL_GPIO_Init)
    i.HAL_GPIO_ReadPin                       0x08000864   Section        0  stm32f1xx_hal_gpio.o(i.HAL_GPIO_ReadPin)
    i.HAL_GPIO_WritePin                      0x0800086e   Section        0  stm32f1xx_hal_gpio.o(i.HAL_GPIO_WritePin)
    i.HAL_GetTick                            0x08000878   Section        0  stm32f1xx_hal.o(i.HAL_GetTick)
    i.HAL_IncTick                            0x08000884   Section        0  stm32f1xx_hal.o(i.HAL_IncTick)
    i.HAL_Init                               0x08000894   Section        0  stm32f1xx_hal.o(i.HAL_Init)
    i.HAL_InitTick                           0x080008ac   Section        0  stm32f1xx_hal.o(i.HAL_InitTick)
    i.HAL_MspInit                            0x080008d4   Section        0  stm32f1xx_hal_msp.o(i.HAL_MspInit)
    i.HAL_NVIC_EnableIRQ                     0x08000958   Section        0  stm32f1xx_hal_cortex.o(i.HAL_NVIC_EnableIRQ)
    i.HAL_NVIC_SetPriority                   0x08000970   Section        0  stm32f1xx_hal_cortex.o(i.HAL_NVIC_SetPriority)
    i.HAL_NVIC_SetPriorityGrouping           0x080009b0   Section        0  stm32f1xx_hal_cortex.o(i.HAL_NVIC_SetPriorityGrouping)
    i.HAL_RCC_ClockConfig                    0x080009d4   Section        0  stm32f1xx_hal_rcc.o(i.HAL_RCC_ClockConfig)
    i.HAL_RCC_GetHCLKFreq                    0x08000ad0   Section        0  stm32f1xx_hal_rcc.o(i.HAL_RCC_GetHCLKFreq)
    i.HAL_RCC_GetPCLK1Freq                   0x08000adc   Section        0  stm32f1xx_hal_rcc.o(i.HAL_RCC_GetPCLK1Freq)
    i.HAL_RCC_GetPCLK2Freq                   0x08000afc   Section        0  stm32f1xx_hal_rcc.o(i.HAL_RCC_GetPCLK2Freq)
    i.HAL_RCC_GetSysClockFreq                0x08000b1c   Section        0  stm32f1xx_hal_rcc.o(i.HAL_RCC_GetSysClockFreq)
    i.HAL_RCC_OscConfig                      0x08000b98   Section        0  stm32f1xx_hal_rcc.o(i.HAL_RCC_OscConfig)
    i.HAL_SYSTICK_CLKSourceConfig            0x08000e9c   Section        0  stm32f1xx_hal_cortex.o(i.HAL_SYSTICK_CLKSourceConfig)
    i.HAL_SYSTICK_Callback                   0x08000eb4   Section        0  stm32f1xx_hal_cortex.o(i.HAL_SYSTICK_Callback)
    i.HAL_SYSTICK_Config                     0x08000eb6   Section        0  stm32f1xx_hal_cortex.o(i.HAL_SYSTICK_Config)
    i.HAL_SYSTICK_IRQHandler                 0x08000ede   Section        0  stm32f1xx_hal_cortex.o(i.HAL_SYSTICK_IRQHandler)
    i.HAL_TIMEx_BreakCallback                0x08000ee6   Section        0  stm32f1xx_hal_tim_ex.o(i.HAL_TIMEx_BreakCallback)
    i.HAL_TIMEx_CommutationCallback          0x08000ee8   Section        0  stm32f1xx_hal_tim_ex.o(i.HAL_TIMEx_CommutationCallback)
    i.HAL_TIMEx_ConfigBreakDeadTime          0x08000eea   Section        0  stm32f1xx_hal_tim_ex.o(i.HAL_TIMEx_ConfigBreakDeadTime)
    i.HAL_TIMEx_MasterConfigSynchronization  0x08000f44   Section        0  stm32f1xx_hal_tim_ex.o(i.HAL_TIMEx_MasterConfigSynchronization)
    i.HAL_TIM_Base_Init                      0x08000f94   Section        0  stm32f1xx_hal_tim.o(i.HAL_TIM_Base_Init)
    i.HAL_TIM_Base_MspInit                   0x08000fcc   Section        0  stm32f1xx_hal_msp.o(i.HAL_TIM_Base_MspInit)
    i.HAL_TIM_Base_Start_IT                  0x08000ff4   Section        0  stm32f1xx_hal_tim.o(i.HAL_TIM_Base_Start_IT)
    i.HAL_TIM_Base_Stop_IT                   0x0800100c   Section        0  stm32f1xx_hal_tim.o(i.HAL_TIM_Base_Stop_IT)
    i.HAL_TIM_IC_CaptureCallback             0x08001036   Section        0  stm32f1xx_hal_tim.o(i.HAL_TIM_IC_CaptureCallback)
    i.HAL_TIM_IRQHandler                     0x08001038   Section        0  stm32f1xx_hal_tim.o(i.HAL_TIM_IRQHandler)
    i.HAL_TIM_MspPostInit                    0x080011a0   Section        0  stm32f1xx_hal_msp.o(i.HAL_TIM_MspPostInit)
    i.HAL_TIM_OC_DelayElapsedCallback        0x080011c8   Section        0  stm32f1xx_hal_tim.o(i.HAL_TIM_OC_DelayElapsedCallback)
    i.HAL_TIM_PWM_ConfigChannel              0x080011ca   Section        0  stm32f1xx_hal_tim.o(i.HAL_TIM_PWM_ConfigChannel)
    i.HAL_TIM_PWM_Init                       0x0800129a   Section        0  stm32f1xx_hal_tim.o(i.HAL_TIM_PWM_Init)
    i.HAL_TIM_PWM_MspInit                    0x080012d0   Section        0  stm32f1xx_hal_msp.o(i.HAL_TIM_PWM_MspInit)
    i.HAL_TIM_PWM_PulseFinishedCallback      0x080012f8   Section        0  stm32f1xx_hal_tim.o(i.HAL_TIM_PWM_PulseFinishedCallback)
    i.HAL_TIM_PWM_Start                      0x080012fc   Section        0  stm32f1xx_hal_tim.o(i.HAL_TIM_PWM_Start)
    i.HAL_TIM_PeriodElapsedCallback          0x08001348   Section        0  stm32f1xx_hal_tim.o(i.HAL_TIM_PeriodElapsedCallback)
    i.HAL_TIM_TriggerCallback                0x0800134a   Section        0  stm32f1xx_hal_tim.o(i.HAL_TIM_TriggerCallback)
    i.HAL_UART_ErrorCallback                 0x0800134c   Section        0  stm32f1xx_hal_uart.o(i.HAL_UART_ErrorCallback)
    i.HAL_UART_IRQHandler                    0x08001350   Section        0  stm32f1xx_hal_uart.o(i.HAL_UART_IRQHandler)
    i.HAL_UART_Init                          0x08001460   Section        0  stm32f1xx_hal_uart.o(i.HAL_UART_Init)
    i.HAL_UART_MspInit                       0x080014c4   Section        0  stm32f1xx_hal_msp.o(i.HAL_UART_MspInit)
    i.HAL_UART_RxCpltCallback                0x08001528   Section        0  stm32f1xx_hal_uart.o(i.HAL_UART_RxCpltCallback)
    i.HAL_UART_TxCpltCallback                0x0800152a   Section        0  stm32f1xx_hal_uart.o(i.HAL_UART_TxCpltCallback)
    i.HardFault_Handler                      0x0800152c   Section        0  stm32f1xx_it.o(i.HardFault_Handler)
    i.MX_GPIO_Init                           0x08001530   Section        0  main.o(i.MX_GPIO_Init)
    MX_GPIO_Init                             0x08001531   Thumb Code   126  main.o(i.MX_GPIO_Init)
    i.MX_TIM1_Init                           0x080015c0   Section        0  main.o(i.MX_TIM1_Init)
    MX_TIM1_Init                             0x080015c1   Thumb Code   124  main.o(i.MX_TIM1_Init)
    i.MX_TIM6_Init                           0x08001644   Section        0  main.o(i.MX_TIM6_Init)
    MX_TIM6_Init                             0x08001645   Thumb Code    46  main.o(i.MX_TIM6_Init)
    i.MemManage_Handler                      0x0800167c   Section        0  stm32f1xx_it.o(i.MemManage_Handler)
    i.NMI_Handler                            0x0800167e   Section        0  stm32f1xx_it.o(i.NMI_Handler)
    i.NVIC_SetPriority                       0x08001680   Section        0  stm32f1xx_hal_cortex.o(i.NVIC_SetPriority)
    NVIC_SetPriority                         0x08001681   Thumb Code    32  stm32f1xx_hal_cortex.o(i.NVIC_SetPriority)
    i.PendSV_Handler                         0x080016a0   Section        0  stm32f1xx_it.o(i.PendSV_Handler)
    i.SVC_Handler                            0x080016a2   Section        0  stm32f1xx_it.o(i.SVC_Handler)
    i.SysTick_Handler                        0x080016a4   Section        0  stm32f1xx_it.o(i.SysTick_Handler)
    i.SystemClock_Config                     0x080016b2   Section        0  main.o(i.SystemClock_Config)
    i.SystemInit                             0x08001714   Section        0  system_stm32f1xx.o(i.SystemInit)
    i.TIM1_UP_TIM16_IRQHandler               0x08001760   Section        0  stm32f1xx_it.o(i.TIM1_UP_TIM16_IRQHandler)
    i.TIM6_DAC_IRQHandler                    0x0800176c   Section        0  stm32f1xx_it.o(i.TIM6_DAC_IRQHandler)
    i.TIM6_IRQHandler_MB                     0x08001770   Section        0  porttimer.o(i.TIM6_IRQHandler_MB)
    i.TIM_Base_SetConfig                     0x080017b0   Section        0  stm32f1xx_hal_tim.o(i.TIM_Base_SetConfig)
    i.TIM_CCxChannelCmd                      0x08001848   Section        0  stm32f1xx_hal_tim.o(i.TIM_CCxChannelCmd)
    i.TIM_OC1_SetConfig                      0x08001860   Section        0  stm32f1xx_hal_tim.o(i.TIM_OC1_SetConfig)
    TIM_OC1_SetConfig                        0x08001861   Thumb Code   112  stm32f1xx_hal_tim.o(i.TIM_OC1_SetConfig)
    i.TIM_OC2_SetConfig                      0x080018e0   Section        0  stm32f1xx_hal_tim.o(i.TIM_OC2_SetConfig)
    i.TIM_OC3_SetConfig                      0x08001958   Section        0  stm32f1xx_hal_tim.o(i.TIM_OC3_SetConfig)
    TIM_OC3_SetConfig                        0x08001959   Thumb Code   102  stm32f1xx_hal_tim.o(i.TIM_OC3_SetConfig)
    i.TIM_OC4_SetConfig                      0x080019d0   Section        0  stm32f1xx_hal_tim.o(i.TIM_OC4_SetConfig)
    TIM_OC4_SetConfig                        0x080019d1   Thumb Code    82  stm32f1xx_hal_tim.o(i.TIM_OC4_SetConfig)
    i.UART_DMAAbortOnError                   0x08001a34   Section        0  stm32f1xx_hal_uart.o(i.UART_DMAAbortOnError)
    UART_DMAAbortOnError                     0x08001a35   Thumb Code    16  stm32f1xx_hal_uart.o(i.UART_DMAAbortOnError)
    i.UART_EndRxTransfer                     0x08001a44   Section        0  stm32f1xx_hal_uart.o(i.UART_EndRxTransfer)
    UART_EndRxTransfer                       0x08001a45   Thumb Code    28  stm32f1xx_hal_uart.o(i.UART_EndRxTransfer)
    i.UART_IRQ_Handler                       0x08001a60   Section        0  portserial.o(i.UART_IRQ_Handler)
    i.UART_Receive_IT                        0x08001aac   Section        0  stm32f1xx_hal_uart.o(i.UART_Receive_IT)
    UART_Receive_IT                          0x08001aad   Thumb Code   150  stm32f1xx_hal_uart.o(i.UART_Receive_IT)
    i.UART_SetConfig                         0x08001b44   Section        0  stm32f1xx_hal_uart.o(i.UART_SetConfig)
    UART_SetConfig                           0x08001b45   Thumb Code   666  stm32f1xx_hal_uart.o(i.UART_SetConfig)
    i.UART_Transmit_IT                       0x08001de4   Section        0  stm32f1xx_hal_uart.o(i.UART_Transmit_IT)
    UART_Transmit_IT                         0x08001de5   Thumb Code    98  stm32f1xx_hal_uart.o(i.UART_Transmit_IT)
    i.USART1_IRQHandler                      0x08001e48   Section        0  stm32f1xx_it.o(i.USART1_IRQHandler)
    i.UsageFault_Handler                     0x08001e64   Section        0  stm32f1xx_it.o(i.UsageFault_Handler)
    i.__scatterload_copy                     0x08001e66   Section       14  handlers.o(i.__scatterload_copy)
    i.__scatterload_null                     0x08001e74   Section        2  handlers.o(i.__scatterload_null)
    i.__scatterload_zeroinit                 0x08001e76   Section       14  handlers.o(i.__scatterload_zeroinit)
    i.eMBEnable                              0x08001e84   Section        0  mb.o(i.eMBEnable)
    i.eMBFuncReadCoils                       0x08001ea4   Section        0  mbfunccoils.o(i.eMBFuncReadCoils)
    i.eMBFuncReadDiscreteInputs              0x08001f16   Section        0  mbfuncdisc.o(i.eMBFuncReadDiscreteInputs)
    i.eMBFuncReadHoldingRegister             0x08001f88   Section        0  mbfuncholding.o(i.eMBFuncReadHoldingRegister)
    i.eMBFuncReadInputRegister               0x08001fe6   Section        0  mbfuncinput.o(i.eMBFuncReadInputRegister)
    i.eMBFuncReadWriteMultipleHoldingRegister 0x08002048   Section        0  mbfuncholding.o(i.eMBFuncReadWriteMultipleHoldingRegister)
    i.eMBFuncReportSlaveID                   0x080020e4   Section        0  mbfuncother.o(i.eMBFuncReportSlaveID)
    i.eMBFuncWriteCoil                       0x08002108   Section        0  mbfunccoils.o(i.eMBFuncWriteCoil)
    i.eMBFuncWriteHoldingRegister            0x0800215e   Section        0  mbfuncholding.o(i.eMBFuncWriteHoldingRegister)
    i.eMBFuncWriteMultipleCoils              0x08002190   Section        0  mbfunccoils.o(i.eMBFuncWriteMultipleCoils)
    i.eMBFuncWriteMultipleHoldingRegister    0x080021f4   Section        0  mbfuncholding.o(i.eMBFuncWriteMultipleHoldingRegister)
    i.eMBInit                                0x08002244   Section        0  mb.o(i.eMBInit)
    i.eMBPoll                                0x080022c4   Section        0  mb.o(i.eMBPoll)
    i.eMBRTUInit                             0x08002378   Section        0  mbrtu.o(i.eMBRTUInit)
    i.eMBRTUReceive                          0x080023b8   Section        0  mbrtu.o(i.eMBRTUReceive)
    i.eMBRTUSend                             0x08002400   Section        0  mbrtu.o(i.eMBRTUSend)
    i.eMBRTUStart                            0x08002464   Section        0  mbrtu.o(i.eMBRTUStart)
    i.eMBRTUStop                             0x08002484   Section        0  mbrtu.o(i.eMBRTUStop)
    i.eMBRegCoilsCB                          0x08002498   Section        0  registers.o(i.eMBRegCoilsCB)
    i.eMBRegDiscreteCB                       0x0800249c   Section        0  registers.o(i.eMBRegDiscreteCB)
    i.eMBRegHoldingCB                        0x080024a0   Section        0  registers.o(i.eMBRegHoldingCB)
    i.eMBRegInputCB                          0x08002500   Section        0  registers.o(i.eMBRegInputCB)
    i.main                                   0x08002504   Section        0  main.o(i.main)
    i.prveMBError2Exception                  0x08002848   Section        0  mbutils.o(i.prveMBError2Exception)
    i.usMBCRC16                              0x08002860   Section        0  mbcrc.o(i.usMBCRC16)
    i.vMBPortSerialEnable                    0x0800288c   Section        0  portserial.o(i.vMBPortSerialEnable)
    i.vMBPortTimersDisable                   0x080028c8   Section        0  porttimer.o(i.vMBPortTimersDisable)
    i.vMBPortTimersEnable                    0x080028dc   Section        0  porttimer.o(i.vMBPortTimersEnable)
    i.xMBPortEventGet                        0x080028fc   Section        0  portevent.o(i.xMBPortEventGet)
    i.xMBPortEventInit                       0x08002918   Section        0  portevent.o(i.xMBPortEventInit)
    i.xMBPortEventPost                       0x08002928   Section        0  portevent.o(i.xMBPortEventPost)
    i.xMBPortSerialGetByte                   0x08002938   Section        0  portserial.o(i.xMBPortSerialGetByte)
    i.xMBPortSerialInit                      0x08002958   Section        0  portserial.o(i.xMBPortSerialInit)
    i.xMBPortSerialPutByte                   0x080029e4   Section        0  portserial.o(i.xMBPortSerialPutByte)
    i.xMBPortTimersInit                      0x080029f4   Section        0  porttimer.o(i.xMBPortTimersInit)
    i.xMBRTUReceiveFSM                       0x08002a3c   Section        0  mbrtu.o(i.xMBRTUReceiveFSM)
    i.xMBRTUTimerT35Expired                  0x08002a9c   Section        0  mbrtu.o(i.xMBRTUTimerT35Expired)
    i.xMBRTUTransmitFSM                      0x08002ac4   Section        0  mbrtu.o(i.xMBRTUTransmitFSM)
    .constdata                               0x08002b14   Section       16  system_stm32f1xx.o(.constdata)
    .constdata                               0x08002b24   Section        8  system_stm32f1xx.o(.constdata)
    .constdata                               0x08002b2c   Section      512  mbcrc.o(.constdata)
    aucCRCHi                                 0x08002b2c   Data         256  mbcrc.o(.constdata)
    aucCRCLo                                 0x08002c2c   Data         256  mbcrc.o(.constdata)
    .data                                    0x20000000   Section        4  system_stm32f1xx.o(.data)
    .data                                    0x20000004   Section        4  stm32f1xx_hal.o(.data)
    .data                                    0x20000008   Section       28  main.o(.data)
    button                                   0x20000008   Data           1  main.o(.data)
    led1                                     0x20000009   Data           1  main.o(.data)
    led2                                     0x2000000a   Data           1  main.o(.data)
    led3                                     0x2000000b   Data           1  main.o(.data)
    led_flag                                 0x2000000c   Data           1  main.o(.data)
    prev_pos                                 0x2000000d   Data           1  main.o(.data)
    counter_DT                               0x2000000e   Data           1  main.o(.data)
    counter_clk                              0x2000000f   Data           1  main.o(.data)
    PWM_duty                                 0x20000010   Data           4  main.o(.data)
    TIM_period                               0x20000014   Data           4  main.o(.data)
    PWM_value                                0x20000018   Data           4  main.o(.data)
    analog_value                             0x2000001c   Data           4  main.o(.data)
    counter                                  0x20000020   Data           4  main.o(.data)
    .data                                    0x20000024   Section      172  mb.o(.data)
    eMBState                                 0x20000024   Data           1  mb.o(.data)
    ucRcvAddress                             0x20000025   Data           1  mb.o(.data)
    ucFunctionCode                           0x20000026   Data           1  mb.o(.data)
    eException                               0x20000027   Data           1  mb.o(.data)
    ucMBAddress                              0x20000028   Data           1  mb.o(.data)
    eMBCurrentMode                           0x20000029   Data           1  mb.o(.data)
    usLength                                 0x2000002a   Data           2  mb.o(.data)
    ucMBFrame                                0x2000002c   Data           4  mb.o(.data)
    peMBFrameSendCur                         0x20000030   Data           4  mb.o(.data)
    pvMBFrameStartCur                        0x20000034   Data           4  mb.o(.data)
    pvMBFrameStopCur                         0x20000038   Data           4  mb.o(.data)
    peMBFrameReceiveCur                      0x2000003c   Data           4  mb.o(.data)
    pvMBFrameCloseCur                        0x20000040   Data           4  mb.o(.data)
    xFuncHandlers                            0x20000050   Data         128  mb.o(.data)
    .data                                    0x200000d0   Section       12  mbrtu.o(.data)
    eSndState                                0x200000d0   Data           1  mbrtu.o(.data)
    eRcvState                                0x200000d1   Data           1  mbrtu.o(.data)
    usSndBufferCount                         0x200000d2   Data           2  mbrtu.o(.data)
    usRcvBufferPos                           0x200000d4   Data           2  mbrtu.o(.data)
    pucSndBufferCur                          0x200000d8   Data           4  mbrtu.o(.data)
    .data                                    0x200000dc   Section        2  portevent.o(.data)
    eQueuedEvent                             0x200000dc   Data           1  portevent.o(.data)
    xEventInQueue                            0x200000dd   Data           1  portevent.o(.data)
    .data                                    0x200000de   Section        4  porttimer.o(.data)
    timeout                                  0x200000de   Data           2  porttimer.o(.data)
    downcounter                              0x200000e0   Data           2  porttimer.o(.data)
    .data                                    0x200000e2   Section        2  mbfuncother.o(.data)
    usMBSlaveIDLen                           0x200000e2   Data           2  mbfuncother.o(.data)
    .bss                                     0x200000e4   Section      192  main.o(.bss)
    .bss                                     0x200001a4   Section      256  mbrtu.o(.bss)
    .bss                                     0x200002a4   Section       64  portserial.o(.bss)
    huart                                    0x200002a4   Data          64  portserial.o(.bss)
    .bss                                     0x200002e4   Section       64  porttimer.o(.bss)
    htim                                     0x200002e4   Data          64  porttimer.o(.bss)
    .bss                                     0x20000324   Section       52  registers.o(.bss)
    .bss                                     0x20000358   Section       32  mbfuncother.o(.bss)
    ucMBSlaveID                              0x20000358   Data          32  mbfuncother.o(.bss)
    STACK                                    0x20000378   Section     1024  startup_stm32f100xb.o(STACK)

    Global Symbols

    Symbol Name                              Value     Ov Type        Size  Object(Section)

    BuildAttributes$$THM_ISAv4$P$D$K$B$S$PE$A:L22UL41UL21$X:L11$S22US41US21$IEEE1$IW$USESV6$~STKCKD$USESV7$~SHL$OTIME$ROPI$EBA8$MICROLIB$REQ8$PRES8$EABIv2 0x00000000   Number         0  anon$$obj.o ABSOLUTE
    __ARM_use_no_argv                        0x00000000   Number         0  main.o ABSOLUTE
    __cpp_initialize__aeabi_                  - Undefined Weak Reference
    __cxa_finalize                            - Undefined Weak Reference
    __decompress                              - Undefined Weak Reference
    _clock_init                               - Undefined Weak Reference
    _microlib_exit                            - Undefined Weak Reference
    __Vectors_Size                           0x00000120   Number         0  startup_stm32f100xb.o ABSOLUTE
    __Vectors                                0x08000000   Data           4  startup_stm32f100xb.o(RESET)
    __Vectors_End                            0x08000120   Data           0  startup_stm32f100xb.o(RESET)
    __main                                   0x08000121   Thumb Code     0  entry.o(.ARM.Collect$$$$00000000)
    _main_stk                                0x08000121   Thumb Code     0  entry2.o(.ARM.Collect$$$$00000001)
    _main_scatterload                        0x08000125   Thumb Code     0  entry5.o(.ARM.Collect$$$$00000004)
    __main_after_scatterload                 0x08000129   Thumb Code     0  entry5.o(.ARM.Collect$$$$00000004)
    _main_clock                              0x08000129   Thumb Code     0  entry7b.o(.ARM.Collect$$$$00000008)
    _main_cpp_init                           0x08000129   Thumb Code     0  entry8b.o(.ARM.Collect$$$$0000000A)
    _main_init                               0x08000129   Thumb Code     0  entry9a.o(.ARM.Collect$$$$0000000B)
    __rt_final_cpp                           0x08000131   Thumb Code     0  entry10a.o(.ARM.Collect$$$$0000000D)
    __rt_final_exit                          0x08000131   Thumb Code     0  entry11a.o(.ARM.Collect$$$$0000000F)
    Reset_Handler                            0x08000135   Thumb Code     8  startup_stm32f100xb.o(.text)
    ADC1_IRQHandler                          0x0800014f   Thumb Code     0  startup_stm32f100xb.o(.text)
    CEC_IRQHandler                           0x0800014f   Thumb Code     0  startup_stm32f100xb.o(.text)
    DMA1_Channel1_IRQHandler                 0x0800014f   Thumb Code     0  startup_stm32f100xb.o(.text)
    DMA1_Channel2_IRQHandler                 0x0800014f   Thumb Code     0  startup_stm32f100xb.o(.text)
    DMA1_Channel3_IRQHandler                 0x0800014f   Thumb Code     0  startup_stm32f100xb.o(.text)
    DMA1_Channel4_IRQHandler                 0x0800014f   Thumb Code     0  startup_stm32f100xb.o(.text)
    DMA1_Channel5_IRQHandler                 0x0800014f   Thumb Code     0  startup_stm32f100xb.o(.text)
    DMA1_Channel6_IRQHandler                 0x0800014f   Thumb Code     0  startup_stm32f100xb.o(.text)
    DMA1_Channel7_IRQHandler                 0x0800014f   Thumb Code     0  startup_stm32f100xb.o(.text)
    EXTI0_IRQHandler                         0x0800014f   Thumb Code     0  startup_stm32f100xb.o(.text)
    EXTI15_10_IRQHandler                     0x0800014f   Thumb Code     0  startup_stm32f100xb.o(.text)
    EXTI1_IRQHandler                         0x0800014f   Thumb Code     0  startup_stm32f100xb.o(.text)
    EXTI2_IRQHandler                         0x0800014f   Thumb Code     0  startup_stm32f100xb.o(.text)
    EXTI3_IRQHandler                         0x0800014f   Thumb Code     0  startup_stm32f100xb.o(.text)
    EXTI4_IRQHandler                         0x0800014f   Thumb Code     0  startup_stm32f100xb.o(.text)
    EXTI9_5_IRQHandler                       0x0800014f   Thumb Code     0  startup_stm32f100xb.o(.text)
    FLASH_IRQHandler                         0x0800014f   Thumb Code     0  startup_stm32f100xb.o(.text)
    I2C1_ER_IRQHandler                       0x0800014f   Thumb Code     0  startup_stm32f100xb.o(.text)
    I2C1_EV_IRQHandler                       0x0800014f   Thumb Code     0  startup_stm32f100xb.o(.text)
    I2C2_ER_IRQHandler                       0x0800014f   Thumb Code     0  startup_stm32f100xb.o(.text)
    I2C2_EV_IRQHandler                       0x0800014f   Thumb Code     0  startup_stm32f100xb.o(.text)
    PVD_IRQHandler                           0x0800014f   Thumb Code     0  startup_stm32f100xb.o(.text)
    RCC_IRQHandler                           0x0800014f   Thumb Code     0  startup_stm32f100xb.o(.text)
    RTC_Alarm_IRQHandler                     0x0800014f   Thumb Code     0  startup_stm32f100xb.o(.text)
    RTC_IRQHandler                           0x0800014f   Thumb Code     0  startup_stm32f100xb.o(.text)
    SPI1_IRQHandler                          0x0800014f   Thumb Code     0  startup_stm32f100xb.o(.text)
    SPI2_IRQHandler                          0x0800014f   Thumb Code     0  startup_stm32f100xb.o(.text)
    TAMPER_IRQHandler                        0x0800014f   Thumb Code     0  startup_stm32f100xb.o(.text)
    TIM1_BRK_TIM15_IRQHandler                0x0800014f   Thumb Code     0  startup_stm32f100xb.o(.text)
    TIM1_CC_IRQHandler                       0x0800014f   Thumb Code     0  startup_stm32f100xb.o(.text)
    TIM1_TRG_COM_TIM17_IRQHandler            0x0800014f   Thumb Code     0  startup_stm32f100xb.o(.text)
    TIM2_IRQHandler                          0x0800014f   Thumb Code     0  startup_stm32f100xb.o(.text)
    TIM3_IRQHandler                          0x0800014f   Thumb Code     0  startup_stm32f100xb.o(.text)
    TIM4_IRQHandler                          0x0800014f   Thumb Code     0  startup_stm32f100xb.o(.text)
    TIM7_IRQHandler                          0x0800014f   Thumb Code     0  startup_stm32f100xb.o(.text)
    USART2_IRQHandler                        0x0800014f   Thumb Code     0  startup_stm32f100xb.o(.text)
    USART3_IRQHandler                        0x0800014f   Thumb Code     0  startup_stm32f100xb.o(.text)
    WWDG_IRQHandler                          0x0800014f   Thumb Code     0  startup_stm32f100xb.o(.text)
    __aeabi_llsr                             0x08000159   Thumb Code    32  llushr.o(.text)
    _ll_ushift_r                             0x08000159   Thumb Code     0  llushr.o(.text)
    __aeabi_memcpy                           0x08000179   Thumb Code    36  memcpya.o(.text)
    __aeabi_memcpy4                          0x08000179   Thumb Code     0  memcpya.o(.text)
    __aeabi_memcpy8                          0x08000179   Thumb Code     0  memcpya.o(.text)
    __aeabi_fadd                             0x0800019d   Thumb Code   164  fadd.o(.text)
    __aeabi_fsub                             0x08000241   Thumb Code     6  fadd.o(.text)
    __aeabi_frsub                            0x08000247   Thumb Code     6  fadd.o(.text)
    __aeabi_fmul                             0x0800024d   Thumb Code   100  fmul.o(.text)
    __aeabi_fdiv                             0x080002b1   Thumb Code   124  fdiv.o(.text)
    __aeabi_dmul                             0x0800032d   Thumb Code   228  dmul.o(.text)
    __aeabi_ui2f                             0x08000411   Thumb Code    10  ffltui.o(.text)
    __aeabi_f2uiz                            0x0800041b   Thumb Code    40  ffixui.o(.text)
    __aeabi_f2d                              0x08000443   Thumb Code    38  f2d.o(.text)
    __aeabi_d2f                              0x08000469   Thumb Code    56  d2f.o(.text)
    __I$use$fp                               0x080004a1   Thumb Code     0  iusefp.o(.text)
    _float_round                             0x080004a1   Thumb Code    18  fepilogue.o(.text)
    _float_epilogue                          0x080004b3   Thumb Code    92  fepilogue.o(.text)
    _double_round                            0x0800050f   Thumb Code    30  depilogue.o(.text)
    _double_epilogue                         0x0800052d   Thumb Code   156  depilogue.o(.text)
    __scatterload                            0x080005c9   Thumb Code    28  init.o(.text)
    __scatterload_rt2                        0x080005c9   Thumb Code     0  init.o(.text)
    __aeabi_llsl                             0x080005ed   Thumb Code    30  llshl.o(.text)
    _ll_shift_l                              0x080005ed   Thumb Code     0  llshl.o(.text)
    BusFault_Handler                         0x0800060b   Thumb Code     2  stm32f1xx_it.o(i.BusFault_Handler)
    DebugMon_Handler                         0x0800060d   Thumb Code     2  stm32f1xx_it.o(i.DebugMon_Handler)
    HAL_DMA_Abort_IT                         0x08000611   Thumb Code   148  stm32f1xx_hal_dma.o(i.HAL_DMA_Abort_IT)
    HAL_GPIO_Init                            0x080006a9   Thumb Code   408  stm32f1xx_hal_gpio.o(i.HAL_GPIO_Init)
    HAL_GPIO_ReadPin                         0x08000865   Thumb Code    10  stm32f1xx_hal_gpio.o(i.HAL_GPIO_ReadPin)
    HAL_GPIO_WritePin                        0x0800086f   Thumb Code    10  stm32f1xx_hal_gpio.o(i.HAL_GPIO_WritePin)
    HAL_GetTick                              0x08000879   Thumb Code     6  stm32f1xx_hal.o(i.HAL_GetTick)
    HAL_IncTick                              0x08000885   Thumb Code    10  stm32f1xx_hal.o(i.HAL_IncTick)
    HAL_Init                                 0x08000895   Thumb Code    22  stm32f1xx_hal.o(i.HAL_Init)
    HAL_InitTick                             0x080008ad   Thumb Code    34  stm32f1xx_hal.o(i.HAL_InitTick)
    HAL_MspInit                              0x080008d5   Thumb Code   122  stm32f1xx_hal_msp.o(i.HAL_MspInit)
    HAL_NVIC_EnableIRQ                       0x08000959   Thumb Code    22  stm32f1xx_hal_cortex.o(i.HAL_NVIC_EnableIRQ)
    HAL_NVIC_SetPriority                     0x08000971   Thumb Code    60  stm32f1xx_hal_cortex.o(i.HAL_NVIC_SetPriority)
    HAL_NVIC_SetPriorityGrouping             0x080009b1   Thumb Code    26  stm32f1xx_hal_cortex.o(i.HAL_NVIC_SetPriorityGrouping)
    HAL_RCC_ClockConfig                      0x080009d5   Thumb Code   238  stm32f1xx_hal_rcc.o(i.HAL_RCC_ClockConfig)
    HAL_RCC_GetHCLKFreq                      0x08000ad1   Thumb Code     6  stm32f1xx_hal_rcc.o(i.HAL_RCC_GetHCLKFreq)
    HAL_RCC_GetPCLK1Freq                     0x08000add   Thumb Code    20  stm32f1xx_hal_rcc.o(i.HAL_RCC_GetPCLK1Freq)
    HAL_RCC_GetPCLK2Freq                     0x08000afd   Thumb Code    20  stm32f1xx_hal_rcc.o(i.HAL_RCC_GetPCLK2Freq)
    HAL_RCC_GetSysClockFreq                  0x08000b1d   Thumb Code    78  stm32f1xx_hal_rcc.o(i.HAL_RCC_GetSysClockFreq)
    HAL_RCC_OscConfig                        0x08000b99   Thumb Code   750  stm32f1xx_hal_rcc.o(i.HAL_RCC_OscConfig)
    HAL_SYSTICK_CLKSourceConfig              0x08000e9d   Thumb Code    24  stm32f1xx_hal_cortex.o(i.HAL_SYSTICK_CLKSourceConfig)
    HAL_SYSTICK_Callback                     0x08000eb5   Thumb Code     2  stm32f1xx_hal_cortex.o(i.HAL_SYSTICK_Callback)
    HAL_SYSTICK_Config                       0x08000eb7   Thumb Code    40  stm32f1xx_hal_cortex.o(i.HAL_SYSTICK_Config)
    HAL_SYSTICK_IRQHandler                   0x08000edf   Thumb Code     8  stm32f1xx_hal_cortex.o(i.HAL_SYSTICK_IRQHandler)
    HAL_TIMEx_BreakCallback                  0x08000ee7   Thumb Code     2  stm32f1xx_hal_tim_ex.o(i.HAL_TIMEx_BreakCallback)
    HAL_TIMEx_CommutationCallback            0x08000ee9   Thumb Code     2  stm32f1xx_hal_tim_ex.o(i.HAL_TIMEx_CommutationCallback)
    HAL_TIMEx_ConfigBreakDeadTime            0x08000eeb   Thumb Code    90  stm32f1xx_hal_tim_ex.o(i.HAL_TIMEx_ConfigBreakDeadTime)
    HAL_TIMEx_MasterConfigSynchronization    0x08000f45   Thumb Code    80  stm32f1xx_hal_tim_ex.o(i.HAL_TIMEx_MasterConfigSynchronization)
    HAL_TIM_Base_Init                        0x08000f95   Thumb Code    54  stm32f1xx_hal_tim.o(i.HAL_TIM_Base_Init)
    HAL_TIM_Base_MspInit                     0x08000fcd   Thumb Code    30  stm32f1xx_hal_msp.o(i.HAL_TIM_Base_MspInit)
    HAL_TIM_Base_Start_IT                    0x08000ff5   Thumb Code    24  stm32f1xx_hal_tim.o(i.HAL_TIM_Base_Start_IT)
    HAL_TIM_Base_Stop_IT                     0x0800100d   Thumb Code    42  stm32f1xx_hal_tim.o(i.HAL_TIM_Base_Stop_IT)
    HAL_TIM_IC_CaptureCallback               0x08001037   Thumb Code     2  stm32f1xx_hal_tim.o(i.HAL_TIM_IC_CaptureCallback)
    HAL_TIM_IRQHandler                       0x08001039   Thumb Code   358  stm32f1xx_hal_tim.o(i.HAL_TIM_IRQHandler)
    HAL_TIM_MspPostInit                      0x080011a1   Thumb Code    32  stm32f1xx_hal_msp.o(i.HAL_TIM_MspPostInit)
    HAL_TIM_OC_DelayElapsedCallback          0x080011c9   Thumb Code     2  stm32f1xx_hal_tim.o(i.HAL_TIM_OC_DelayElapsedCallback)
    HAL_TIM_PWM_ConfigChannel                0x080011cb   Thumb Code   208  stm32f1xx_hal_tim.o(i.HAL_TIM_PWM_ConfigChannel)
    HAL_TIM_PWM_Init                         0x0800129b   Thumb Code    54  stm32f1xx_hal_tim.o(i.HAL_TIM_PWM_Init)
    HAL_TIM_PWM_MspInit                      0x080012d1   Thumb Code    30  stm32f1xx_hal_msp.o(i.HAL_TIM_PWM_MspInit)
    HAL_TIM_PWM_PulseFinishedCallback        0x080012f9   Thumb Code     2  stm32f1xx_hal_tim.o(i.HAL_TIM_PWM_PulseFinishedCallback)
    HAL_TIM_PWM_Start                        0x080012fd   Thumb Code    60  stm32f1xx_hal_tim.o(i.HAL_TIM_PWM_Start)
    HAL_TIM_PeriodElapsedCallback            0x08001349   Thumb Code     2  stm32f1xx_hal_tim.o(i.HAL_TIM_PeriodElapsedCallback)
    HAL_TIM_TriggerCallback                  0x0800134b   Thumb Code     2  stm32f1xx_hal_tim.o(i.HAL_TIM_TriggerCallback)
    HAL_UART_ErrorCallback                   0x0800134d   Thumb Code     2  stm32f1xx_hal_uart.o(i.HAL_UART_ErrorCallback)
    HAL_UART_IRQHandler                      0x08001351   Thumb Code   266  stm32f1xx_hal_uart.o(i.HAL_UART_IRQHandler)
    HAL_UART_Init                            0x08001461   Thumb Code    98  stm32f1xx_hal_uart.o(i.HAL_UART_Init)
    HAL_UART_MspInit                         0x080014c5   Thumb Code    84  stm32f1xx_hal_msp.o(i.HAL_UART_MspInit)
    HAL_UART_RxCpltCallback                  0x08001529   Thumb Code     2  stm32f1xx_hal_uart.o(i.HAL_UART_RxCpltCallback)
    HAL_UART_TxCpltCallback                  0x0800152b   Thumb Code     2  stm32f1xx_hal_uart.o(i.HAL_UART_TxCpltCallback)
    HardFault_Handler                        0x0800152d   Thumb Code     2  stm32f1xx_it.o(i.HardFault_Handler)
    MemManage_Handler                        0x0800167d   Thumb Code     2  stm32f1xx_it.o(i.MemManage_Handler)
    NMI_Handler                              0x0800167f   Thumb Code     2  stm32f1xx_it.o(i.NMI_Handler)
    PendSV_Handler                           0x080016a1   Thumb Code     2  stm32f1xx_it.o(i.PendSV_Handler)
    SVC_Handler                              0x080016a3   Thumb Code     2  stm32f1xx_it.o(i.SVC_Handler)
    SysTick_Handler                          0x080016a5   Thumb Code    14  stm32f1xx_it.o(i.SysTick_Handler)
    SystemClock_Config                       0x080016b3   Thumb Code    98  main.o(i.SystemClock_Config)
    SystemInit                               0x08001715   Thumb Code    60  system_stm32f1xx.o(i.SystemInit)
    TIM1_UP_TIM16_IRQHandler                 0x08001761   Thumb Code     6  stm32f1xx_it.o(i.TIM1_UP_TIM16_IRQHandler)
    TIM6_DAC_IRQHandler                      0x0800176d   Thumb Code     4  stm32f1xx_it.o(i.TIM6_DAC_IRQHandler)
    TIM6_IRQHandler_MB                       0x08001771   Thumb Code    48  porttimer.o(i.TIM6_IRQHandler_MB)
    TIM_Base_SetConfig                       0x080017b1   Thumb Code   126  stm32f1xx_hal_tim.o(i.TIM_Base_SetConfig)
    TIM_CCxChannelCmd                        0x08001849   Thumb Code    22  stm32f1xx_hal_tim.o(i.TIM_CCxChannelCmd)
    TIM_OC2_SetConfig                        0x080018e1   Thumb Code   104  stm32f1xx_hal_tim.o(i.TIM_OC2_SetConfig)
    UART_IRQ_Handler                         0x08001a61   Thumb Code    58  portserial.o(i.UART_IRQ_Handler)
    USART1_IRQHandler                        0x08001e49   Thumb Code    18  stm32f1xx_it.o(i.USART1_IRQHandler)
    UsageFault_Handler                       0x08001e65   Thumb Code     2  stm32f1xx_it.o(i.UsageFault_Handler)
    __scatterload_copy                       0x08001e67   Thumb Code    14  handlers.o(i.__scatterload_copy)
    __scatterload_null                       0x08001e75   Thumb Code     2  handlers.o(i.__scatterload_null)
    __scatterload_zeroinit                   0x08001e77   Thumb Code    14  handlers.o(i.__scatterload_zeroinit)
    eMBEnable                                0x08001e85   Thumb Code    28  mb.o(i.eMBEnable)
    eMBFuncReadCoils                         0x08001ea5   Thumb Code   114  mbfunccoils.o(i.eMBFuncReadCoils)
    eMBFuncReadDiscreteInputs                0x08001f17   Thumb Code   114  mbfuncdisc.o(i.eMBFuncReadDiscreteInputs)
    eMBFuncReadHoldingRegister               0x08001f89   Thumb Code    94  mbfuncholding.o(i.eMBFuncReadHoldingRegister)
    eMBFuncReadInputRegister                 0x08001fe7   Thumb Code    98  mbfuncinput.o(i.eMBFuncReadInputRegister)
    eMBFuncReadWriteMultipleHoldingRegister  0x08002049   Thumb Code   156  mbfuncholding.o(i.eMBFuncReadWriteMultipleHoldingRegister)
    eMBFuncReportSlaveID                     0x080020e5   Thumb Code    26  mbfuncother.o(i.eMBFuncReportSlaveID)
    eMBFuncWriteCoil                         0x08002109   Thumb Code    86  mbfunccoils.o(i.eMBFuncWriteCoil)
    eMBFuncWriteHoldingRegister              0x0800215f   Thumb Code    50  mbfuncholding.o(i.eMBFuncWriteHoldingRegister)
    eMBFuncWriteMultipleCoils                0x08002191   Thumb Code   100  mbfunccoils.o(i.eMBFuncWriteMultipleCoils)
    eMBFuncWriteMultipleHoldingRegister      0x080021f5   Thumb Code    78  mbfuncholding.o(i.eMBFuncWriteMultipleHoldingRegister)
    eMBInit                                  0x08002245   Thumb Code    96  mb.o(i.eMBInit)
    eMBPoll                                  0x080022c5   Thumb Code   176  mb.o(i.eMBPoll)
    eMBRTUInit                               0x08002379   Thumb Code    58  mbrtu.o(i.eMBRTUInit)
    eMBRTUReceive                            0x080023b9   Thumb Code    64  mbrtu.o(i.eMBRTUReceive)
    eMBRTUSend                               0x08002401   Thumb Code    90  mbrtu.o(i.eMBRTUSend)
    eMBRTUStart                              0x08002465   Thumb Code    26  mbrtu.o(i.eMBRTUStart)
    eMBRTUStop                               0x08002485   Thumb Code    20  mbrtu.o(i.eMBRTUStop)
    eMBRegCoilsCB                            0x08002499   Thumb Code     4  registers.o(i.eMBRegCoilsCB)
    eMBRegDiscreteCB                         0x0800249d   Thumb Code     4  registers.o(i.eMBRegDiscreteCB)
    eMBRegHoldingCB                          0x080024a1   Thumb Code    90  registers.o(i.eMBRegHoldingCB)
    eMBRegInputCB                            0x08002501   Thumb Code     4  registers.o(i.eMBRegInputCB)
    main                                     0x08002505   Thumb Code   774  main.o(i.main)
    prveMBError2Exception                    0x08002849   Thumb Code    24  mbutils.o(i.prveMBError2Exception)
    usMBCRC16                                0x08002861   Thumb Code    40  mbcrc.o(i.usMBCRC16)
    vMBPortSerialEnable                      0x0800288d   Thumb Code    52  portserial.o(i.vMBPortSerialEnable)
    vMBPortTimersDisable                     0x080028c9   Thumb Code    12  porttimer.o(i.vMBPortTimersDisable)
    vMBPortTimersEnable                      0x080028dd   Thumb Code    18  porttimer.o(i.vMBPortTimersEnable)
    xMBPortEventGet                          0x080028fd   Thumb Code    24  portevent.o(i.xMBPortEventGet)
    xMBPortEventInit                         0x08002919   Thumb Code    10  portevent.o(i.xMBPortEventInit)
    xMBPortEventPost                         0x08002929   Thumb Code    12  portevent.o(i.xMBPortEventPost)
    xMBPortSerialGetByte                     0x08002939   Thumb Code    24  portserial.o(i.xMBPortSerialGetByte)
    xMBPortSerialInit                        0x08002959   Thumb Code   124  portserial.o(i.xMBPortSerialInit)
    xMBPortSerialPutByte                     0x080029e5   Thumb Code    10  portserial.o(i.xMBPortSerialPutByte)
    xMBPortTimersInit                        0x080029f5   Thumb Code    54  porttimer.o(i.xMBPortTimersInit)
    xMBRTUReceiveFSM                         0x08002a3d   Thumb Code    88  mbrtu.o(i.xMBRTUReceiveFSM)
    xMBRTUTimerT35Expired                    0x08002a9d   Thumb Code    34  mbrtu.o(i.xMBRTUTimerT35Expired)
    xMBRTUTransmitFSM                        0x08002ac5   Thumb Code    76  mbrtu.o(i.xMBRTUTransmitFSM)
    AHBPrescTable                            0x08002b14   Data          16  system_stm32f1xx.o(.constdata)
    APBPrescTable                            0x08002b24   Data           8  system_stm32f1xx.o(.constdata)
    Region$$Table$$Base                      0x08002d2c   Number         0  anon$$obj.o(Region$$Table)
    Region$$Table$$Limit                     0x08002d4c   Number         0  anon$$obj.o(Region$$Table)
    SystemCoreClock                          0x20000000   Data           4  system_stm32f1xx.o(.data)
    uwTick                                   0x20000004   Data           4  stm32f1xx_hal.o(.data)
    pxMBFrameCBByteReceived                  0x20000044   Data           4  mb.o(.data)
    pxMBFrameCBTransmitterEmpty              0x20000048   Data           4  mb.o(.data)
    pxMBPortCBTimerExpired                   0x2000004c   Data           4  mb.o(.data)
    htim1                                    0x200000e4   Data          64  main.o(.bss)
    htim6                                    0x20000124   Data          64  main.o(.bss)
    huart1                                   0x20000164   Data          64  main.o(.bss)
    ucRTUBuf                                 0x200001a4   Data         256  mbrtu.o(.bss)
    usRegHoldingUserBuf                      0x20000324   Data          52  registers.o(.bss)
    __initial_sp                             0x20000778   Data           0  startup_stm32f100xb.o(STACK)



==============================================================================

Memory Map of the image

  Image Entry point : 0x08000121

  Load Region LR_IROM1 (Base: 0x08000000, Size: 0x00002e30, Max: 0x00020000, ABSOLUTE)

    Execution Region ER_IROM1 (Exec base: 0x08000000, Load base: 0x08000000, Size: 0x00002d4c, Max: 0x00020000, ABSOLUTE)

    Exec Addr    Load Addr    Size         Type   Attr      Idx    E Section Name        Object

    0x08000000   0x08000000   0x00000120   Data   RO            3    RESET               startup_stm32f100xb.o
    0x08000120   0x08000120   0x00000000   Code   RO         3077  * .ARM.Collect$$$$00000000  mc_w.l(entry.o)
    0x08000120   0x08000120   0x00000004   Code   RO         3102    .ARM.Collect$$$$00000001  mc_w.l(entry2.o)
    0x08000124   0x08000124   0x00000004   Code   RO         3105    .ARM.Collect$$$$00000004  mc_w.l(entry5.o)
    0x08000128   0x08000128   0x00000000   Code   RO         3107    .ARM.Collect$$$$00000008  mc_w.l(entry7b.o)
    0x08000128   0x08000128   0x00000000   Code   RO         3109    .ARM.Collect$$$$0000000A  mc_w.l(entry8b.o)
    0x08000128   0x08000128   0x00000008   Code   RO         3110    .ARM.Collect$$$$0000000B  mc_w.l(entry9a.o)
    0x08000130   0x08000130   0x00000000   Code   RO         3112    .ARM.Collect$$$$0000000D  mc_w.l(entry10a.o)
    0x08000130   0x08000130   0x00000000   Code   RO         3114    .ARM.Collect$$$$0000000F  mc_w.l(entry11a.o)
    0x08000130   0x08000130   0x00000004   Code   RO         3103    .ARM.Collect$$$$00002712  mc_w.l(entry2.o)
    0x08000134   0x08000134   0x00000024   Code   RO            4    .text               startup_stm32f100xb.o
    0x08000158   0x08000158   0x00000020   Code   RO         3080    .text               mc_w.l(llushr.o)
    0x08000178   0x08000178   0x00000024   Code   RO         3082    .text               mc_w.l(memcpya.o)
    0x0800019c   0x0800019c   0x000000b0   Code   RO         3086    .text               mf_w.l(fadd.o)
    0x0800024c   0x0800024c   0x00000064   Code   RO         3088    .text               mf_w.l(fmul.o)
    0x080002b0   0x080002b0   0x0000007c   Code   RO         3090    .text               mf_w.l(fdiv.o)
    0x0800032c   0x0800032c   0x000000e4   Code   RO         3092    .text               mf_w.l(dmul.o)
    0x08000410   0x08000410   0x0000000a   Code   RO         3094    .text               mf_w.l(ffltui.o)
    0x0800041a   0x0800041a   0x00000028   Code   RO         3096    .text               mf_w.l(ffixui.o)
    0x08000442   0x08000442   0x00000026   Code   RO         3098    .text               mf_w.l(f2d.o)
    0x08000468   0x08000468   0x00000038   Code   RO         3100    .text               mf_w.l(d2f.o)
    0x080004a0   0x080004a0   0x00000000   Code   RO         3116    .text               mc_w.l(iusefp.o)
    0x080004a0   0x080004a0   0x0000006e   Code   RO         3117    .text               mf_w.l(fepilogue.o)
    0x0800050e   0x0800050e   0x000000ba   Code   RO         3119    .text               mf_w.l(depilogue.o)
    0x080005c8   0x080005c8   0x00000024   Code   RO         3121    .text               mc_w.l(init.o)
    0x080005ec   0x080005ec   0x0000001e   Code   RO         3123    .text               mc_w.l(llshl.o)
    0x0800060a   0x0800060a   0x00000002   Code   RO         2370    i.BusFault_Handler  stm32f1xx_it.o
    0x0800060c   0x0800060c   0x00000002   Code   RO         2371    i.DebugMon_Handler  stm32f1xx_it.o
    0x0800060e   0x0800060e   0x00000002   PAD
    0x08000610   0x08000610   0x00000098   Code   RO         2136    i.HAL_DMA_Abort_IT  stm32f1xx_hal_dma.o
    0x080006a8   0x080006a8   0x000001bc   Code   RO         1089    i.HAL_GPIO_Init     stm32f1xx_hal_gpio.o
    0x08000864   0x08000864   0x0000000a   Code   RO         1091    i.HAL_GPIO_ReadPin  stm32f1xx_hal_gpio.o
    0x0800086e   0x0800086e   0x0000000a   Code   RO         1093    i.HAL_GPIO_WritePin  stm32f1xx_hal_gpio.o
    0x08000878   0x08000878   0x0000000c   Code   RO         1163    i.HAL_GetTick       stm32f1xx_hal.o
    0x08000884   0x08000884   0x00000010   Code   RO         1165    i.HAL_IncTick       stm32f1xx_hal.o
    0x08000894   0x08000894   0x00000016   Code   RO         1166    i.HAL_Init          stm32f1xx_hal.o
    0x080008aa   0x080008aa   0x00000002   PAD
    0x080008ac   0x080008ac   0x00000028   Code   RO         1167    i.HAL_InitTick      stm32f1xx_hal.o
    0x080008d4   0x080008d4   0x00000084   Code   RO         2304    i.HAL_MspInit       stm32f1xx_hal_msp.o
    0x08000958   0x08000958   0x00000016   Code   RO          766    i.HAL_NVIC_EnableIRQ  stm32f1xx_hal_cortex.o
    0x0800096e   0x0800096e   0x00000002   PAD
    0x08000970   0x08000970   0x00000040   Code   RO          772    i.HAL_NVIC_SetPriority  stm32f1xx_hal_cortex.o
    0x080009b0   0x080009b0   0x00000024   Code   RO          773    i.HAL_NVIC_SetPriorityGrouping  stm32f1xx_hal_cortex.o
    0x080009d4   0x080009d4   0x000000fc   Code   RO          985    i.HAL_RCC_ClockConfig  stm32f1xx_hal_rcc.o
    0x08000ad0   0x08000ad0   0x0000000c   Code   RO          990    i.HAL_RCC_GetHCLKFreq  stm32f1xx_hal_rcc.o
    0x08000adc   0x08000adc   0x00000020   Code   RO          992    i.HAL_RCC_GetPCLK1Freq  stm32f1xx_hal_rcc.o
    0x08000afc   0x08000afc   0x00000020   Code   RO          993    i.HAL_RCC_GetPCLK2Freq  stm32f1xx_hal_rcc.o
    0x08000b1c   0x08000b1c   0x0000007c   Code   RO          994    i.HAL_RCC_GetSysClockFreq  stm32f1xx_hal_rcc.o
    0x08000b98   0x08000b98   0x00000304   Code   RO          997    i.HAL_RCC_OscConfig  stm32f1xx_hal_rcc.o
    0x08000e9c   0x08000e9c   0x00000018   Code   RO          775    i.HAL_SYSTICK_CLKSourceConfig  stm32f1xx_hal_cortex.o
    0x08000eb4   0x08000eb4   0x00000002   Code   RO          776    i.HAL_SYSTICK_Callback  stm32f1xx_hal_cortex.o
    0x08000eb6   0x08000eb6   0x00000028   Code   RO          777    i.HAL_SYSTICK_Config  stm32f1xx_hal_cortex.o
    0x08000ede   0x08000ede   0x00000008   Code   RO          778    i.HAL_SYSTICK_IRQHandler  stm32f1xx_hal_cortex.o
    0x08000ee6   0x08000ee6   0x00000002   Code   RO         1816    i.HAL_TIMEx_BreakCallback  stm32f1xx_hal_tim_ex.o
    0x08000ee8   0x08000ee8   0x00000002   Code   RO         1817    i.HAL_TIMEx_CommutationCallback  stm32f1xx_hal_tim_ex.o
    0x08000eea   0x08000eea   0x0000005a   Code   RO         1818    i.HAL_TIMEx_ConfigBreakDeadTime  stm32f1xx_hal_tim_ex.o
    0x08000f44   0x08000f44   0x00000050   Code   RO         1833    i.HAL_TIMEx_MasterConfigSynchronization  stm32f1xx_hal_tim_ex.o
    0x08000f94   0x08000f94   0x00000036   Code   RO          131    i.HAL_TIM_Base_Init  stm32f1xx_hal_tim.o
    0x08000fca   0x08000fca   0x00000002   PAD
    0x08000fcc   0x08000fcc   0x00000028   Code   RO         2306    i.HAL_TIM_Base_MspInit  stm32f1xx_hal_msp.o
    0x08000ff4   0x08000ff4   0x00000018   Code   RO          136    i.HAL_TIM_Base_Start_IT  stm32f1xx_hal_tim.o
    0x0800100c   0x0800100c   0x0000002a   Code   RO          139    i.HAL_TIM_Base_Stop_IT  stm32f1xx_hal_tim.o
    0x08001036   0x08001036   0x00000002   Code   RO          160    i.HAL_TIM_IC_CaptureCallback  stm32f1xx_hal_tim.o
    0x08001038   0x08001038   0x00000166   Code   RO          173    i.HAL_TIM_IRQHandler  stm32f1xx_hal_tim.o
    0x0800119e   0x0800119e   0x00000002   PAD
    0x080011a0   0x080011a0   0x00000028   Code   RO         2307    i.HAL_TIM_MspPostInit  stm32f1xx_hal_msp.o
    0x080011c8   0x080011c8   0x00000002   Code   RO          176    i.HAL_TIM_OC_DelayElapsedCallback  stm32f1xx_hal_tim.o
    0x080011ca   0x080011ca   0x000000d0   Code   RO          197    i.HAL_TIM_PWM_ConfigChannel  stm32f1xx_hal_tim.o
    0x0800129a   0x0800129a   0x00000036   Code   RO          200    i.HAL_TIM_PWM_Init  stm32f1xx_hal_tim.o
    0x080012d0   0x080012d0   0x00000028   Code   RO         2309    i.HAL_TIM_PWM_MspInit  stm32f1xx_hal_msp.o
    0x080012f8   0x080012f8   0x00000002   Code   RO          203    i.HAL_TIM_PWM_PulseFinishedCallback  stm32f1xx_hal_tim.o
    0x080012fa   0x080012fa   0x00000002   PAD
    0x080012fc   0x080012fc   0x0000004c   Code   RO          204    i.HAL_TIM_PWM_Start  stm32f1xx_hal_tim.o
    0x08001348   0x08001348   0x00000002   Code   RO          210    i.HAL_TIM_PeriodElapsedCallback  stm32f1xx_hal_tim.o
    0x0800134a   0x0800134a   0x00000002   Code   RO          214    i.HAL_TIM_TriggerCallback  stm32f1xx_hal_tim.o
    0x0800134c   0x0800134c   0x00000002   Code   RO         1439    i.HAL_UART_ErrorCallback  stm32f1xx_hal_uart.o
    0x0800134e   0x0800134e   0x00000002   PAD
    0x08001350   0x08001350   0x00000110   Code   RO         1442    i.HAL_UART_IRQHandler  stm32f1xx_hal_uart.o
    0x08001460   0x08001460   0x00000062   Code   RO         1443    i.HAL_UART_Init     stm32f1xx_hal_uart.o
    0x080014c2   0x080014c2   0x00000002   PAD
    0x080014c4   0x080014c4   0x00000064   Code   RO         2311    i.HAL_UART_MspInit  stm32f1xx_hal_msp.o
    0x08001528   0x08001528   0x00000002   Code   RO         1449    i.HAL_UART_RxCpltCallback  stm32f1xx_hal_uart.o
    0x0800152a   0x0800152a   0x00000002   Code   RO         1454    i.HAL_UART_TxCpltCallback  stm32f1xx_hal_uart.o
    0x0800152c   0x0800152c   0x00000002   Code   RO         2372    i.HardFault_Handler  stm32f1xx_it.o
    0x0800152e   0x0800152e   0x00000002   PAD
    0x08001530   0x08001530   0x00000090   Code   RO         2229    i.MX_GPIO_Init      main.o
    0x080015c0   0x080015c0   0x00000084   Code   RO         2230    i.MX_TIM1_Init      main.o
    0x08001644   0x08001644   0x00000038   Code   RO         2231    i.MX_TIM6_Init      main.o
    0x0800167c   0x0800167c   0x00000002   Code   RO         2373    i.MemManage_Handler  stm32f1xx_it.o
    0x0800167e   0x0800167e   0x00000002   Code   RO         2374    i.NMI_Handler       stm32f1xx_it.o
    0x08001680   0x08001680   0x00000020   Code   RO          779    i.NVIC_SetPriority  stm32f1xx_hal_cortex.o
    0x080016a0   0x080016a0   0x00000002   Code   RO         2375    i.PendSV_Handler    stm32f1xx_it.o
    0x080016a2   0x080016a2   0x00000002   Code   RO         2376    i.SVC_Handler       stm32f1xx_it.o
    0x080016a4   0x080016a4   0x0000000e   Code   RO         2377    i.SysTick_Handler   stm32f1xx_it.o
    0x080016b2   0x080016b2   0x00000062   Code   RO         2232    i.SystemClock_Config  main.o
    0x08001714   0x08001714   0x0000004c   Code   RO           14    i.SystemInit        system_stm32f1xx.o
    0x08001760   0x08001760   0x0000000c   Code   RO         2378    i.TIM1_UP_TIM16_IRQHandler  stm32f1xx_it.o
    0x0800176c   0x0800176c   0x00000004   Code   RO         2379    i.TIM6_DAC_IRQHandler  stm32f1xx_it.o
    0x08001770   0x08001770   0x00000040   Code   RO         2768    i.TIM6_IRQHandler_MB  porttimer.o
    0x080017b0   0x080017b0   0x00000098   Code   RO          215    i.TIM_Base_SetConfig  stm32f1xx_hal_tim.o
    0x08001848   0x08001848   0x00000016   Code   RO          216    i.TIM_CCxChannelCmd  stm32f1xx_hal_tim.o
    0x0800185e   0x0800185e   0x00000002   PAD
    0x08001860   0x08001860   0x00000080   Code   RO          224    i.TIM_OC1_SetConfig  stm32f1xx_hal_tim.o
    0x080018e0   0x080018e0   0x00000078   Code   RO          225    i.TIM_OC2_SetConfig  stm32f1xx_hal_tim.o
    0x08001958   0x08001958   0x00000078   Code   RO          226    i.TIM_OC3_SetConfig  stm32f1xx_hal_tim.o
    0x080019d0   0x080019d0   0x00000064   Code   RO          227    i.TIM_OC4_SetConfig  stm32f1xx_hal_tim.o
    0x08001a34   0x08001a34   0x00000010   Code   RO         1456    i.UART_DMAAbortOnError  stm32f1xx_hal_uart.o
    0x08001a44   0x08001a44   0x0000001c   Code   RO         1466    i.UART_EndRxTransfer  stm32f1xx_hal_uart.o
    0x08001a60   0x08001a60   0x0000004c   Code   RO         2718    i.UART_IRQ_Handler  portserial.o
    0x08001aac   0x08001aac   0x00000096   Code   RO         1468    i.UART_Receive_IT   stm32f1xx_hal_uart.o
    0x08001b42   0x08001b42   0x00000002   PAD
    0x08001b44   0x08001b44   0x000002a0   Code   RO         1469    i.UART_SetConfig    stm32f1xx_hal_uart.o
    0x08001de4   0x08001de4   0x00000062   Code   RO         1470    i.UART_Transmit_IT  stm32f1xx_hal_uart.o
    0x08001e46   0x08001e46   0x00000002   PAD
    0x08001e48   0x08001e48   0x0000001c   Code   RO         2380    i.USART1_IRQHandler  stm32f1xx_it.o
    0x08001e64   0x08001e64   0x00000002   Code   RO         2381    i.UsageFault_Handler  stm32f1xx_it.o
    0x08001e66   0x08001e66   0x0000000e   Code   RO         3127    i.__scatterload_copy  mc_w.l(handlers.o)
    0x08001e74   0x08001e74   0x00000002   Code   RO         3128    i.__scatterload_null  mc_w.l(handlers.o)
    0x08001e76   0x08001e76   0x0000000e   Code   RO         3129    i.__scatterload_zeroinit  mc_w.l(handlers.o)
    0x08001e84   0x08001e84   0x00000020   Code   RO         2466    i.eMBEnable         mb.o
    0x08001ea4   0x08001ea4   0x00000072   Code   RO         2882    i.eMBFuncReadCoils  mbfunccoils.o
    0x08001f16   0x08001f16   0x00000072   Code   RO         2921    i.eMBFuncReadDiscreteInputs  mbfuncdisc.o
    0x08001f88   0x08001f88   0x0000005e   Code   RO         2945    i.eMBFuncReadHoldingRegister  mbfuncholding.o
    0x08001fe6   0x08001fe6   0x00000062   Code   RO         2987    i.eMBFuncReadInputRegister  mbfuncinput.o
    0x08002048   0x08002048   0x0000009c   Code   RO         2946    i.eMBFuncReadWriteMultipleHoldingRegister  mbfuncholding.o
    0x080020e4   0x080020e4   0x00000024   Code   RO         3011    i.eMBFuncReportSlaveID  mbfuncother.o
    0x08002108   0x08002108   0x00000056   Code   RO         2883    i.eMBFuncWriteCoil  mbfunccoils.o
    0x0800215e   0x0800215e   0x00000032   Code   RO         2947    i.eMBFuncWriteHoldingRegister  mbfuncholding.o
    0x08002190   0x08002190   0x00000064   Code   RO         2884    i.eMBFuncWriteMultipleCoils  mbfunccoils.o
    0x080021f4   0x080021f4   0x0000004e   Code   RO         2948    i.eMBFuncWriteMultipleHoldingRegister  mbfuncholding.o
    0x08002242   0x08002242   0x00000002   PAD
    0x08002244   0x08002244   0x00000080   Code   RO         2467    i.eMBInit           mb.o
    0x080022c4   0x080022c4   0x000000b4   Code   RO         2468    i.eMBPoll           mb.o
    0x08002378   0x08002378   0x00000040   Code   RO         2607    i.eMBRTUInit        mbrtu.o
    0x080023b8   0x080023b8   0x00000048   Code   RO         2608    i.eMBRTUReceive     mbrtu.o
    0x08002400   0x08002400   0x00000064   Code   RO         2609    i.eMBRTUSend        mbrtu.o
    0x08002464   0x08002464   0x00000020   Code   RO         2610    i.eMBRTUStart       mbrtu.o
    0x08002484   0x08002484   0x00000014   Code   RO         2611    i.eMBRTUStop        mbrtu.o
    0x08002498   0x08002498   0x00000004   Code   RO         2813    i.eMBRegCoilsCB     registers.o
    0x0800249c   0x0800249c   0x00000004   Code   RO         2814    i.eMBRegDiscreteCB  registers.o
    0x080024a0   0x080024a0   0x00000060   Code   RO         2815    i.eMBRegHoldingCB   registers.o
    0x08002500   0x08002500   0x00000004   Code   RO         2816    i.eMBRegInputCB     registers.o
    0x08002504   0x08002504   0x00000344   Code   RO         2234    i.main              main.o
    0x08002848   0x08002848   0x00000018   Code   RO         3044    i.prveMBError2Exception  mbutils.o
    0x08002860   0x08002860   0x0000002c   Code   RO         2581    i.usMBCRC16         mbcrc.o
    0x0800288c   0x0800288c   0x0000003c   Code   RO         2719    i.vMBPortSerialEnable  portserial.o
    0x080028c8   0x080028c8   0x00000014   Code   RO         2801    i.vMBPortTimersDisable  porttimer.o
    0x080028dc   0x080028dc   0x00000020   Code   RO         2795    i.vMBPortTimersEnable  porttimer.o
    0x080028fc   0x080028fc   0x0000001c   Code   RO         2680    i.xMBPortEventGet   portevent.o
    0x08002918   0x08002918   0x00000010   Code   RO         2681    i.xMBPortEventInit  portevent.o
    0x08002928   0x08002928   0x00000010   Code   RO         2682    i.xMBPortEventPost  portevent.o
    0x08002938   0x08002938   0x00000020   Code   RO         2720    i.xMBPortSerialGetByte  portserial.o
    0x08002958   0x08002958   0x0000008c   Code   RO         2721    i.xMBPortSerialInit  portserial.o
    0x080029e4   0x080029e4   0x00000010   Code   RO         2722    i.xMBPortSerialPutByte  portserial.o
    0x080029f4   0x080029f4   0x00000048   Code   RO         2769    i.xMBPortTimersInit  porttimer.o
    0x08002a3c   0x08002a3c   0x00000060   Code   RO         2612    i.xMBRTUReceiveFSM  mbrtu.o
    0x08002a9c   0x08002a9c   0x00000028   Code   RO         2613    i.xMBRTUTimerT35Expired  mbrtu.o
    0x08002ac4   0x08002ac4   0x00000050   Code   RO         2614    i.xMBRTUTransmitFSM  mbrtu.o
    0x08002b14   0x08002b14   0x00000010   Data   RO           15    .constdata          system_stm32f1xx.o
    0x08002b24   0x08002b24   0x00000008   Data   RO           16    .constdata          system_stm32f1xx.o
    0x08002b2c   0x08002b2c   0x00000200   Data   RO         2582    .constdata          mbcrc.o
    0x08002d2c   0x08002d2c   0x00000020   Data   RO         3125    Region$$Table       anon$$obj.o


    Execution Region RW_IRAM1 (Exec base: 0x20000000, Load base: 0x08002d4c, Size: 0x00000778, Max: 0x00002000, ABSOLUTE)

    Exec Addr    Load Addr    Size         Type   Attr      Idx    E Section Name        Object

    0x20000000   0x08002d4c   0x00000004   Data   RW           17    .data               system_stm32f1xx.o
    0x20000004   0x08002d50   0x00000004   Data   RW         1172    .data               stm32f1xx_hal.o
    0x20000008   0x08002d54   0x0000001c   Data   RW         2236    .data               main.o
    0x20000024   0x08002d70   0x000000ac   Data   RW         2470    .data               mb.o
    0x200000d0   0x08002e1c   0x0000000c   Data   RW         2616    .data               mbrtu.o
    0x200000dc   0x08002e28   0x00000002   Data   RW         2683    .data               portevent.o
    0x200000de   0x08002e2a   0x00000004   Data   RW         2771    .data               porttimer.o
    0x200000e2   0x08002e2e   0x00000002   Data   RW         3014    .data               mbfuncother.o
    0x200000e4        -       0x000000c0   Zero   RW         2235    .bss                main.o
    0x200001a4        -       0x00000100   Zero   RW         2615    .bss                mbrtu.o
    0x200002a4        -       0x00000040   Zero   RW         2723    .bss                portserial.o
    0x200002e4        -       0x00000040   Zero   RW         2770    .bss                porttimer.o
    0x20000324        -       0x00000034   Zero   RW         2817    .bss                registers.o
    0x20000358        -       0x00000020   Zero   RW         3013    .bss                mbfuncother.o
    0x20000378        -       0x00000400   Zero   RW            1    STACK               startup_stm32f100xb.o


==============================================================================

Image component sizes


      Code (inc. data)   RO Data    RW Data    ZI Data      Debug   Object Name

      1266         98          0         28        192       8095   main.o
       340         40          0        172          0       6672   mb.o
        44          4        512          0          0       1188   mbcrc.o
       300          0          0          0          0       3650   mbfunccoils.o
       114          0          0          0          0       1520   mbfuncdisc.o
       378          0          0          0          0       5043   mbfuncholding.o
        98          0          0          0          0       1519   mbfuncinput.o
        36         10          0          2         32       1335   mbfuncother.o
       504         48          0         12        256       5999   mbrtu.o
        24          0          0          0          0        604   mbutils.o
        60         14          0          2          0       2076   portevent.o
       324         56          0          0         64       3743   portserial.o
       188         56          0          4         64       2670   porttimer.o
       108          6          0          0         52       2863   registers.o
        36          8        288          0       1024        796   startup_stm32f100xb.o
        90         18          0          4          0       3031   stm32f1xx_hal.o
       228         14          0          0          0      27313   stm32f1xx_hal_cortex.o
       152          4          0          0          0       1087   stm32f1xx_hal_dma.o
       464         36          0          0          0       3475   stm32f1xx_hal_gpio.o
       352         54          0          0          0       3120   stm32f1xx_hal_msp.o
      1224        112          0          0          0       5452   stm32f1xx_hal_rcc.o
      1468        110          0          0          0      12893   stm32f1xx_hal_tim.o
       174          0          0          0          0       3082   stm32f1xx_hal_tim_ex.o
      1340         12          0          0          0       7011   stm32f1xx_hal_uart.o
        74         16          0          0          0       5071   stm32f1xx_it.o
        76         16         24          4          0     285743   system_stm32f1xx.o

    ----------------------------------------------------------------------
      9488        732        856        228       1684     405051   Object Totals
         0          0         32          0          0          0   (incl. Generated)
        26          0          0          0          0          0   (incl. Padding)

    ----------------------------------------------------------------------

      Code (inc. data)   RO Data    RW Data    ZI Data      Debug   Library Member Name

         0          0          0          0          0          0   entry.o
         0          0          0          0          0          0   entry10a.o
         0          0          0          0          0          0   entry11a.o
         8          4          0          0          0          0   entry2.o
         4          0          0          0          0          0   entry5.o
         0          0          0          0          0          0   entry7b.o
         0          0          0          0          0          0   entry8b.o
         8          4          0          0          0          0   entry9a.o
        30          0          0          0          0          0   handlers.o
        36          8          0          0          0         68   init.o
         0          0          0          0          0          0   iusefp.o
        30          0          0          0          0         68   llshl.o
        32          0          0          0          0         68   llushr.o
        36          0          0          0          0         68   memcpya.o
        56          0          0          0          0         88   d2f.o
       186          0          0          0          0        176   depilogue.o
       228          0          0          0          0         96   dmul.o
        38          0          0          0          0         68   f2d.o
       176          0          0          0          0        140   fadd.o
       124          0          0          0          0         88   fdiv.o
       110          0          0          0          0        168   fepilogue.o
        40          0          0          0          0         68   ffixui.o
        10          0          0          0          0         68   ffltui.o
       100          0          0          0          0         76   fmul.o

    ----------------------------------------------------------------------
      1252         16          0          0          0       1308   Library Totals
         0          0          0          0          0          0   (incl. Padding)

    ----------------------------------------------------------------------

      Code (inc. data)   RO Data    RW Data    ZI Data      Debug   Library Name

       184         16          0          0          0        272   mc_w.l
      1068          0          0          0          0       1036   mf_w.l

    ----------------------------------------------------------------------
      1252         16          0          0          0       1308   Library Totals

    ----------------------------------------------------------------------

==============================================================================


      Code (inc. data)   RO Data    RW Data    ZI Data      Debug   

     10740        748        856        228       1684     400063   Grand Totals
     10740        748        856        228       1684     400063   ELF Image Totals
     10740        748        856        228          0          0   ROM Totals

==============================================================================

    Total RO  Size (Code + RO Data)                11596 (  11.32kB)
    Total RW  Size (RW Data + ZI Data)              1912 (   1.87kB)
    Total ROM Size (Code + RO Data + RW Data)      11824 (  11.55kB)

==============================================================================

