<html>
<body>
<pre>
<h1>µVision Build Log</h1>
<h2>Tool Versions:</h2>
IDE-Version: µVision V5.21.0.0
Copyright (C) 2016 ARM Ltd and ARM Germany GmbH. All rights reserved.
License Information: user Microsoft, Microsoft, LIC=3UUUH-WEA8X-XCTJ0-BCMKU-CELBJ-B8H60
 
Tool Versions:
Toolchain:       MDK-ARM Professional  Version: 5.21
Toolchain Path:  C:\Keil_v5\ARM\ARMCC\Bin
C Compiler:      Armcc.exe V5.06 update 3 (build 300)
Assembler:       Armasm.exe V5.06 update 3 (build 300)
Linker/Locator:  ArmLink.exe V5.06 update 3 (build 300)
Library Manager: ArmAr.exe V5.06 update 3 (build 300)
Hex Converter:   FromElf.exe V5.06 update 3 (build 300)
CPU DLL:         SARMCM3.DLL V5.21
Dialog DLL:      DCM.DLL V1.13.8.0
Target DLL:      STLink\ST-LINKIII-KEIL_SWO.dll V2.0.18.0
Dialog DLL:      TCM.DLL V1.14.14.0
 
<h2>Project:</h2>
C:\Users\user\Desktop\RemoteControlProject\MDK-ARM\RemoteControl.uvprojx
Project File Date:  12/20/2017

<h2>Output:</h2>
*** Using Compiler 'V5.06 update 3 (build 300)', folder: 'C:\Keil_v5\ARM\ARMCC\Bin'
Build target 'RemoteControl'
compiling portserial.c...
..\FreeModbus\port\portserial.c(37): warning:  #177-D: variable "DE_Port" was declared but never referenced
  static GPIO_TypeDef *DE_Port;
..\FreeModbus\port\portserial.c(38): warning:  #177-D: variable "DE_Pin" was declared but never referenced
  static uint16_t DE_Pin;
..\FreeModbus\port\portserial.c: 2 warnings, 0 errors
linking...
Program Size: Code=8556 RO-data=856 RW-data=200 ZI-data=1704  
"RemoteControl\RemoteControl.axf" - 0 Error(s), 2 Warning(s).

<h2>Software Packages used:</h2>

Package Vendor: ARM
                http://www.keil.com/pack/ARM.CMSIS.5.0.1.pack
                ARM::CMSIS:CORE:5.0.1
                CMSIS (Cortex Microcontroller Software Interface Standard)
   * Component: CORE Version: 5.0.1

<h2>Collection of Component include folders:</h2>
  C:\Users\user\Desktop\RemoteControlProject\MDK-ARM\RTE
  C:\Keil_v5\ARM\PACK\CMSIS\Include
  C:\Keil_v5\ARM\PACK\Device\Include

<h2>Collection of Component Files used:</h2>

   * Component: ARM::CMSIS:CORE:5.0.1
Build Time Elapsed:  00:00:01
</pre>
</body>
</html>
