<html>
<body>
<pre>
<h1>µVision Build Log</h1>
<h2>Tool Versions:</h2>
IDE-Version: µVision V5.24.2.0
Copyright (C) 2017 ARM Ltd and ARM Germany GmbH. All rights reserved.
License Information: Vasily Trofimov, UrFU, LIC=----
 
Tool Versions:
Toolchain:       MDK-Lite  Version: 5.24.1
Toolchain Path:  C:\Keil_v5\ARM\ARMCC\Bin
C Compiler:      Armcc.exe V5.06 update 5 (build 528)
Assembler:       Armasm.exe V5.06 update 5 (build 528)
Linker/Locator:  ArmLink.exe V5.06 update 5 (build 528)
Library Manager: ArmAr.exe V5.06 update 5 (build 528)
Hex Converter:   FromElf.exe V5.06 update 5 (build 528)
CPU DLL:         SARMCM3.DLL V5.24.1
Dialog DLL:      DCM.DLL V1.16.0.0
Target DLL:      STLink\ST-LINKIII-KEIL_SWO.dll V3.0.1.0
Dialog DLL:      TCM.DLL V1.32.0.0
 
<h2>Project:</h2>
C:\Project\University\RemoteControl\Program\MDK-ARM\RemoteControl.uvprojx
Project File Date:  12/22/2017

<h2>Output:</h2>
*** Using Compiler 'V5.06 update 5 (build 528)', folder: 'C:\Keil_v5\ARM\ARMCC\Bin'
Build target 'RemoteControl'
compiling mbtcp.c...
compiling mb.c...
compiling main.c...
compiling mbcrc.c...
compiling mbrtu.c...
..\FreeModbus\rtu\mbrtu.c(153): warning:  #550-D: variable "xFrameReceived"  was set but never used
      BOOL            xFrameReceived = FALSE;
..\FreeModbus\rtu\mbrtu.c: 1 warning, 0 errors
compiling portevent.c...
compiling portserial.c...
..\FreeModbus\port\portserial.c(37): warning:  #177-D: variable "DE_Port"  was declared but never referenced
  static GPIO_TypeDef *DE_Port;
..\FreeModbus\port\portserial.c(38): warning:  #177-D: variable "DE_Pin"  was declared but never referenced
  static uint16_t DE_Pin;
..\FreeModbus\port\portserial.c: 2 warnings, 0 errors
compiling porttimer.c...
..\FreeModbus\port\porttimer.c(90): warning:  #1-D: last line of file ends without a newline
  }
..\FreeModbus\port\porttimer.c: 1 warning, 0 errors
compiling registers.c...
..\FreeModbus\port\registers.c(12): warning:  #186-D: pointless comparison of unsigned integer with zero
      if ((usAddress >= 
EG_HOLDING_USER_START) &&
..\FreeModbus\port\registers.c: 1 warning, 0 errors
compiling mbascii.c...
compiling mbfunccoils.c...
compiling mbfuncdisc.c...
compiling mbfuncholding.c...
compiling mbfuncinput.c...
compiling mbfuncother.c...
compiling mbutils.c...
linking...
Program Size: Code=10696 RO-data=856 RW-data=228 ZI-data=1684  
"RemoteControl\RemoteControl.axf" - 0 Error(s), 5 Warning(s).

<h2>Software Packages used:</h2>

Package Vendor: ARM
                http://www.keil.com/pack/ARM.CMSIS.5.0.1.pack
                ARM.CMSIS.5.0.1
                CMSIS (Cortex Microcontroller Software Interface Standard)
   * Component: CORE Version: 5.0.1

Package Vendor: Keil
                http://www.keil.com/pack/Keil.STM32F1xx_DFP.2.2.0.pack
                Keil.STM32F1xx_DFP.2.2.0
                STMicroelectronics STM32F1 Series Device Support, Drivers and Examples

<h2>Collection of Component include folders:</h2>
  .\RTE\_RemoteControl
  C:\Keil_v5\ARM\PACK\ARM\CMSIS\5.0.1\CMSIS\Include
  C:\Keil_v5\ARM\PACK\Keil\STM32F1xx_DFP\2.2.0\Device\Include

<h2>Collection of Component Files used:</h2>

   * Component: ARM::CMSIS:CORE:5.0.1
Build Time Elapsed:  00:00:14
</pre>
</body>
</html>
